#Test Results (version 2)
#Mon Sep 02 15:36:35 CST 2024
#-----testdescription-----
$file=/root/TencentKona-17/test/hotspot/jtreg/gc/g1/TestG1GCByLRUCache.java
$root=/root/TencentKona-17/test/hotspot/jtreg
keywords=bug1234567 othervm driver
library=/test/lib
modules=java.base/jdk.internal.misc java.management
run=USER_SPECIFIED build jdk.test.whitebox.WhiteBox\nUSER_SPECIFIED driver jdk.test.lib.helpers.ClassFileInstaller jdk.test.whitebox.WhiteBox\nUSER_SPECIFIED main/othervm -Xbootclasspath/a\:. -XX\:+UnlockDiagnosticVMOptions -XX\:+WhiteBoxAPI -XX\:+UseG1GC -Xlog\:gc* -Xlog\:gc\:g1gc.log  TestG1GCByLRUCache\n
source=TestG1GCByLRUCache.java
title=implementa LRU Cache with Whitebox API to monitor old age region

#-----environment-----

#-----testresult-----
description=file\:/root/TencentKona-17/test/hotspot/jtreg/gc/g1/TestG1GCByLRUCache.java
elapsed=8032 0\:00\:08.032
end=Mon Sep 02 15\:36\:35 CST 2024
environment=regtest
execStatus=Passed. Execution successful
harnessLoaderMode=Classpath Loader
harnessVariety=Full Bundle
hostname=iZgc7d5zao3lw2x4p2uwjoZ
javatestOS=Linux 5.10.134-17.2.al8.x86_64 (amd64)
javatestVersion=6.0-ea+b24-2024-08-23-${BUILT_FROM_COMMIT}
jtregVersion=jtreg 7.4 dev 0
modules=java.base/jdk.internal.misc java.management
script=com.sun.javatest.regtest.exec.RegressionScript
sections=script_messages build build driver build compile main
start=Mon Sep 02 15\:36\:27 CST 2024
test=gc/g1/TestG1GCByLRUCache.java
testJDK=/root/jdk/TencentKona-17.0.11.b1
testJDK_OS=[name\:Linux,arch\:amd64,version\:5.10.134-17.2.al8.x86_64,family\:linux,simple_arch\:x64,simple_version\:5.10,processors\:2,maxMemory\:1962340352,maxSwap\:0]
testJDK_os.arch=amd64
testJDK_os.name=Linux
testJDK_os.version=5.10.134-17.2.al8.x86_64
totalTime=8034
user.name=root
work=/root/TencentKona-17/test/hotspot/jtreg/gc/g1/JTwork/gc/g1

#section:script_messages
----------messages:(31/2031)----------
JDK under test: /root/jdk/TencentKona-17.0.11.b1
[0.004s][info][gc] Using G1
[0.007s][info][gc,init] Version: 17.0.11+1-LTS (release)
[0.007s][info][gc,init] CPUs: 2 total, 2 available
[0.007s][info][gc,init] Memory: 1871M
[0.007s][info][gc,init] Large Page Support: Disabled
[0.007s][info][gc,init] NUMA Support: Disabled
[0.007s][info][gc,init] Compressed Oops: Enabled (32-bit)
[0.007s][info][gc,init] Heap Region Size: 1M
[0.007s][info][gc,init] Heap Min Capacity: 8M
[0.007s][info][gc,init] Heap Initial Capacity: 30M
[0.007s][info][gc,init] Heap Max Capacity: 468M
[0.007s][info][gc,init] Pre-touch: Disabled
[0.007s][info][gc,init] Parallel Workers: 2
[0.007s][info][gc,init] Concurrent Workers: 1
[0.007s][info][gc,init] Concurrent Refinement Workers: 2
[0.007s][info][gc,init] Periodic GC: Disabled
[0.014s][info][gc,metaspace] CDS archive(s) mapped at: [0x00007f7167000000-0x00007f7167bbb000-0x00007f7167bbb000), size 12300288, SharedBaseAddress: 0x00007f7167000000, ArchiveRelocationMode: 1.
[0.014s][info][gc,metaspace] Compressed class space mapped at: 0x00007f7168000000-0x00007f71a8000000, reserved size: 1073741824
[0.014s][info][gc,metaspace] Narrow klass base: 0x00007f7167000000, Narrow klass shift: 0, Narrow klass range: 0x100000000
openjdk version "17.0.11" 2024-04-23 LTS
OpenJDK Runtime Environment TencentKonaJDK (build 17.0.11+1-LTS)
OpenJDK 64-Bit Server VM TencentKonaJDK (build 17.0.11+1-LTS, mixed mode, sharing)
[0.032s][info][gc,heap,exit] Heap
[0.032s][info][gc,heap,exit]  garbage-first heap   total 32768K, used 1558K [0x00000000e2c00000, 0x0000000100000000)
[0.032s][info][gc,heap,exit]   region size 1024K, 1 young (1024K), 0 survivors (0K)
[0.032s][info][gc,heap,exit]  Metaspace       used 85K, committed 192K, reserved 1114112K
[0.032s][info][gc,heap,exit]   class space    used 2K, committed 64K, reserved 1048576K
Library /test/lib; kind: packages
   source directory: /root/TencentKona-17/test/lib
   class directory: /root/TencentKona-17/test/hotspot/jtreg/gc/g1/JTwork/classes/test/lib

#section:build
----------messages:(5/216)----------
command: build jdk.test.whitebox.WhiteBox
reason: User specified action: run build jdk.test.whitebox.WhiteBox 
started: Mon Sep 02 15:36:27 CST 2024
finished: Mon Sep 02 15:36:27 CST 2024
elapsed time (seconds): 0.0
result: Passed. All files up to date

#section:build
----------messages:(5/199)----------
command: build jdk.test.lib.helpers.ClassFileInstaller
reason: Named class compiled on demand
started: Mon Sep 02 15:36:27 CST 2024
finished: Mon Sep 02 15:36:27 CST 2024
elapsed time (seconds): 0.0
result: Passed. All files up to date

#section:driver
----------messages:(7/442)----------
command: driver jdk.test.lib.helpers.ClassFileInstaller jdk.test.whitebox.WhiteBox
reason: User specified action: run driver jdk.test.lib.helpers.ClassFileInstaller jdk.test.whitebox.WhiteBox 
started: Mon Sep 02 15:36:27 CST 2024
Mode: othervm
Additional options from @modules: --add-modules java.base,java.management --add-exports java.base/jdk.internal.misc=ALL-UNNAMED
finished: Mon Sep 02 15:36:27 CST 2024
elapsed time (seconds): 0.087
----------configuration:(4/111)----------
Boot Layer
  add modules: java.base java.management   
  add exports: java.base/jdk.internal.misc ALL-UNNAMED

----------System.out:(0/0)----------
----------System.err:(1/15)----------
STATUS:Passed.
----------rerun:(34/2559)*----------
cd /root/TencentKona-17/test/hotspot/jtreg/gc/g1/JTwork/scratch && \\
DBUS_SESSION_BUS_ADDRESS=unix:path=/run/user/0/bus \\
HOME=/root \\
LANG=en_US.UTF-8 \\
PATH=/bin:/usr/bin:/usr/sbin \\
XDG_DATA_DIRS=/root/.local/share/flatpak/exports/share:/var/lib/flatpak/exports/share:/usr/local/share:/usr/share \\
XDG_RUNTIME_DIR=/run/user/0 \\
XDG_SESSION_ID=3 \\
CLASSPATH=/root/TencentKona-17/test/hotspot/jtreg/gc/g1/JTwork/classes/gc/g1/TestG1GCByLRUCache.d:/root/TencentKona-17/test/hotspot/jtreg/gc/g1:/root/TencentKona-17/test/hotspot/jtreg/gc/g1/JTwork/classes/test/lib:/root/TencentKona-17/test/lib:/root/jtreg/lib/javatest.jar:/root/jtreg/lib/jtreg.jar \\
    /root/jdk/TencentKona-17.0.11.b1/bin/java \\
        -Dtest.vm.opts='-Xbootclasspath/a:/root/TencentKona-17/test/hotspot/jtreg/gc/g1 -XX:+UnlockDiagnosticVMOptions -XX:+WhiteBoxAPI -XX:+UseG1GC -Xlog:gc* -Xlog:gc:g1gc.log' \\
        -Dtest.tool.vm.opts='-J-Xbootclasspath/a:/root/TencentKona-17/test/hotspot/jtreg/gc/g1 -J-XX:+UnlockDiagnosticVMOptions -J-XX:+WhiteBoxAPI -J-XX:+UseG1GC -J-Xlog:gc* -J-Xlog:gc:g1gc.log' \\
        -Dtest.compiler.opts= \\
        -Dtest.java.opts= \\
        -Dtest.jdk=/root/jdk/TencentKona-17.0.11.b1 \\
        -Dcompile.jdk=/root/jdk/TencentKona-17.0.11.b1 \\
        -Dtest.timeout.factor=1.0 \\
        -Dtest.root=/root/TencentKona-17/test/hotspot/jtreg \\
        -Dtest.name=gc/g1/TestG1GCByLRUCache.java \\
        -Dtest.file=/root/TencentKona-17/test/hotspot/jtreg/gc/g1/TestG1GCByLRUCache.java \\
        -Dtest.src=/root/TencentKona-17/test/hotspot/jtreg/gc/g1 \\
        -Dtest.src.path=/root/TencentKona-17/test/hotspot/jtreg/gc/g1:/root/TencentKona-17/test/lib \\
        -Dtest.classes=/root/TencentKona-17/test/hotspot/jtreg/gc/g1/JTwork/classes/gc/g1/TestG1GCByLRUCache.d \\
        -Dtest.class.path=/root/TencentKona-17/test/hotspot/jtreg/gc/g1/JTwork/classes/gc/g1/TestG1GCByLRUCache.d:/root/TencentKona-17/test/hotspot/jtreg/gc/g1/JTwork/classes/test/lib \\
        -Dtest.modules='java.base/jdk.internal.misc java.management' \\
        --add-modules java.base,java.management \\
        --add-exports java.base/jdk.internal.misc=ALL-UNNAMED \\
        -Xbootclasspath/a:/root/TencentKona-17/test/hotspot/jtreg/gc/g1 \\
        -XX:+UnlockDiagnosticVMOptions \\
        -XX:+WhiteBoxAPI \\
        -XX:+UseG1GC \\
        -Xlog:gc* \\
        -Xlog:gc:g1gc.log \\
        com.sun.javatest.regtest.agent.MainWrapper /root/TencentKona-17/test/hotspot/jtreg/gc/g1/JTwork/gc/g1/TestG1GCByLRUCache.d/driver.0.jta jdk.test.whitebox.WhiteBox
result: Passed. Execution successful

#section:build
----------messages:(7/226)----------
command: build TestG1GCByLRUCache
reason: Named class compiled on demand
started: Mon Sep 02 15:36:27 CST 2024
Test directory:
  compile: TestG1GCByLRUCache
finished: Mon Sep 02 15:36:28 CST 2024
elapsed time (seconds): 0.731
result: Passed. Build successful

#section:compile
----------messages:(7/386)----------
command: compile /root/TencentKona-17/test/hotspot/jtreg/gc/g1/TestG1GCByLRUCache.java
reason: .class file out of date or does not exist
started: Mon Sep 02 15:36:27 CST 2024
Additional options from @modules: --add-modules java.base,java.management --add-exports java.base/jdk.internal.misc=ALL-UNNAMED
Mode: othervm
finished: Mon Sep 02 15:36:28 CST 2024
elapsed time (seconds): 0.729
----------configuration:(9/490)----------
javac compilation environment
  add modules: java.base java.management   
  add exports: java.base/jdk.internal.misc ALL-UNNAMED
  source path: /root/TencentKona-17/test/hotspot/jtreg/gc/g1 
               /root/TencentKona-17/test/lib 
  class path:  /root/TencentKona-17/test/hotspot/jtreg/gc/g1 
               /root/TencentKona-17/test/hotspot/jtreg/gc/g1/JTwork/classes/gc/g1/TestG1GCByLRUCache.d 
               /root/TencentKona-17/test/hotspot/jtreg/gc/g1/JTwork/classes/test/lib 

----------rerun:(31/2116)*----------
cd /root/TencentKona-17/test/hotspot/jtreg/gc/g1/JTwork/scratch && \\
DBUS_SESSION_BUS_ADDRESS=unix:path=/run/user/0/bus \\
HOME=/root \\
LANG=en_US.UTF-8 \\
PATH=/bin:/usr/bin:/usr/sbin \\
XDG_DATA_DIRS=/root/.local/share/flatpak/exports/share:/var/lib/flatpak/exports/share:/usr/local/share:/usr/share \\
XDG_RUNTIME_DIR=/run/user/0 \\
XDG_SESSION_ID=3 \\
    /root/jdk/TencentKona-17.0.11.b1/bin/javac \\
        -J-Xbootclasspath/a:/root/TencentKona-17/test/hotspot/jtreg/gc/g1 \\
        -J-XX:+UnlockDiagnosticVMOptions \\
        -J-XX:+WhiteBoxAPI \\
        -J-XX:+UseG1GC \\
        -J-Xlog:gc* \\
        -J-Xlog:gc:g1gc.log \\
        -J-Dtest.vm.opts='-Xbootclasspath/a:/root/TencentKona-17/test/hotspot/jtreg/gc/g1 -XX:+UnlockDiagnosticVMOptions -XX:+WhiteBoxAPI -XX:+UseG1GC -Xlog:gc* -Xlog:gc:g1gc.log' \\
        -J-Dtest.tool.vm.opts='-J-Xbootclasspath/a:/root/TencentKona-17/test/hotspot/jtreg/gc/g1 -J-XX:+UnlockDiagnosticVMOptions -J-XX:+WhiteBoxAPI -J-XX:+UseG1GC -J-Xlog:gc* -J-Xlog:gc:g1gc.log' \\
        -J-Dtest.compiler.opts= \\
        -J-Dtest.java.opts= \\
        -J-Dtest.jdk=/root/jdk/TencentKona-17.0.11.b1 \\
        -J-Dcompile.jdk=/root/jdk/TencentKona-17.0.11.b1 \\
        -J-Dtest.timeout.factor=1.0 \\
        -J-Dtest.root=/root/TencentKona-17/test/hotspot/jtreg \\
        -J-Dtest.name=gc/g1/TestG1GCByLRUCache.java \\
        -J-Dtest.file=/root/TencentKona-17/test/hotspot/jtreg/gc/g1/TestG1GCByLRUCache.java \\
        -J-Dtest.src=/root/TencentKona-17/test/hotspot/jtreg/gc/g1 \\
        -J-Dtest.src.path=/root/TencentKona-17/test/hotspot/jtreg/gc/g1:/root/TencentKona-17/test/lib \\
        -J-Dtest.classes=/root/TencentKona-17/test/hotspot/jtreg/gc/g1/JTwork/classes/gc/g1/TestG1GCByLRUCache.d \\
        -J-Dtest.class.path=/root/TencentKona-17/test/hotspot/jtreg/gc/g1/JTwork/classes/gc/g1/TestG1GCByLRUCache.d:/root/TencentKona-17/test/hotspot/jtreg/gc/g1/JTwork/classes/test/lib \\
        -J-Dtest.modules='java.base/jdk.internal.misc java.management' \\
        @/root/TencentKona-17/test/hotspot/jtreg/gc/g1/JTwork/gc/g1/TestG1GCByLRUCache.d/compile.1.jta
----------System.out:(228/15779)----------
[0.003s][info][gc] Using G1
[0.003s][info][gc,init] Version: 17.0.11+1-LTS (release)
[0.003s][info][gc,init] CPUs: 2 total, 2 available
[0.003s][info][gc,init] Memory: 1871M
[0.003s][info][gc,init] Large Page Support: Disabled
[0.003s][info][gc,init] NUMA Support: Disabled
[0.003s][info][gc,init] Compressed Oops: Enabled (32-bit)
[0.003s][info][gc,init] Heap Region Size: 1M
[0.003s][info][gc,init] Heap Min Capacity: 8M
[0.003s][info][gc,init] Heap Initial Capacity: 8M
[0.003s][info][gc,init] Heap Max Capacity: 468M
[0.003s][info][gc,init] Pre-touch: Disabled
[0.003s][info][gc,init] Parallel Workers: 2
[0.003s][info][gc,init] Concurrent Workers: 1
[0.003s][info][gc,init] Concurrent Refinement Workers: 2
[0.003s][info][gc,init] Periodic GC: Disabled
[0.010s][info][gc,metaspace] CDS archive(s) mapped at: [0x00007f5d13000000-0x00007f5d13bbb000-0x00007f5d13bbb000), size 12300288, SharedBaseAddress: 0x00007f5d13000000, ArchiveRelocationMode: 1.
[0.010s][info][gc,metaspace] Compressed class space mapped at: 0x00007f5d14000000-0x00007f5d54000000, reserved size: 1073741824
[0.010s][info][gc,metaspace] Narrow klass base: 0x00007f5d13000000, Narrow klass shift: 0, Narrow klass range: 0x100000000
[0.168s][info][gc,start    ] GC(0) Pause Young (Normal) (G1 Evacuation Pause)
[0.168s][info][gc,task     ] GC(0) Using 2 workers of 2 for evacuation
[0.170s][info][gc,phases   ] GC(0)   Pre Evacuate Collection Set: 0.0ms
[0.170s][info][gc,phases   ] GC(0)   Merge Heap Roots: 0.1ms
[0.170s][info][gc,phases   ] GC(0)   Evacuate Collection Set: 1.6ms
[0.170s][info][gc,phases   ] GC(0)   Post Evacuate Collection Set: 0.2ms
[0.170s][info][gc,phases   ] GC(0)   Other: 0.1ms
[0.170s][info][gc,heap     ] GC(0) Eden regions: 3->0(1)
[0.170s][info][gc,heap     ] GC(0) Survivor regions: 0->1(1)
[0.170s][info][gc,heap     ] GC(0) Old regions: 0->1
[0.170s][info][gc,heap     ] GC(0) Archive regions: 2->2
[0.170s][info][gc,heap     ] GC(0) Humongous regions: 0->0
[0.170s][info][gc,metaspace] GC(0) Metaspace: 3430K(3648K)->3430K(3648K) NonClass: 2992K(3072K)->2992K(3072K) Class: 438K(576K)->438K(576K)
[0.170s][info][gc          ] GC(0) Pause Young (Normal) (G1 Evacuation Pause) 3M->2M(10M) 2.100ms
[0.170s][info][gc,cpu      ] GC(0) User=0.00s Sys=0.00s Real=0.00s
[0.238s][info][gc,start    ] GC(1) Pause Young (Normal) (G1 Evacuation Pause)
[0.238s][info][gc,task     ] GC(1) Using 2 workers of 2 for evacuation
[0.240s][info][gc,phases   ] GC(1)   Pre Evacuate Collection Set: 0.0ms
[0.240s][info][gc,phases   ] GC(1)   Merge Heap Roots: 0.0ms
[0.240s][info][gc,phases   ] GC(1)   Evacuate Collection Set: 1.8ms
[0.240s][info][gc,phases   ] GC(1)   Post Evacuate Collection Set: 0.2ms
[0.240s][info][gc,phases   ] GC(1)   Other: 0.1ms
[0.240s][info][gc,heap     ] GC(1) Eden regions: 1->0(1)
[0.240s][info][gc,heap     ] GC(1) Survivor regions: 1->1(1)
[0.240s][info][gc,heap     ] GC(1) Old regions: 1->2
[0.240s][info][gc,heap     ] GC(1) Archive regions: 2->2
[0.240s][info][gc,heap     ] GC(1) Humongous regions: 0->0
[0.240s][info][gc,metaspace] GC(1) Metaspace: 5682K(5824K)->5682K(5824K) NonClass: 4992K(5056K)->4992K(5056K) Class: 689K(768K)->689K(768K)
[0.240s][info][gc          ] GC(1) Pause Young (Normal) (G1 Evacuation Pause) 3M->2M(10M) 2.172ms
[0.240s][info][gc,cpu      ] GC(1) User=0.00s Sys=0.00s Real=0.00s
[0.308s][info][gc,start    ] GC(2) Pause Young (Concurrent Start) (G1 Evacuation Pause)
[0.308s][info][gc,task     ] GC(2) Using 2 workers of 2 for evacuation
[0.310s][info][gc,phases   ] GC(2)   Pre Evacuate Collection Set: 0.1ms
[0.310s][info][gc,phases   ] GC(2)   Merge Heap Roots: 0.0ms
[0.310s][info][gc,phases   ] GC(2)   Evacuate Collection Set: 2.2ms
[0.310s][info][gc,phases   ] GC(2)   Post Evacuate Collection Set: 0.1ms
[0.310s][info][gc,phases   ] GC(2)   Other: 0.1ms
[0.310s][info][gc,heap     ] GC(2) Eden regions: 1->0(1)
[0.310s][info][gc,heap     ] GC(2) Survivor regions: 1->1(1)
[0.310s][info][gc,heap     ] GC(2) Old regions: 2->2
[0.310s][info][gc,heap     ] GC(2) Archive regions: 2->2
[0.310s][info][gc,heap     ] GC(2) Humongous regions: 0->0
[0.310s][info][gc,metaspace] GC(2) Metaspace: 7443K(7616K)->7443K(7616K) NonClass: 6567K(6656K)->6567K(6656K) Class: 876K(960K)->876K(960K)
[0.310s][info][gc          ] GC(2) Pause Young (Concurrent Start) (G1 Evacuation Pause) 3M->2M(10M) 2.643ms
[0.310s][info][gc,cpu      ] GC(2) User=0.00s Sys=0.00s Real=0.00s
[0.310s][info][gc          ] GC(3) Concurrent Mark Cycle
[0.310s][info][gc,marking  ] GC(3) Concurrent Clear Claimed Marks
[0.310s][info][gc,marking  ] GC(3) Concurrent Clear Claimed Marks 0.007ms
[0.310s][info][gc,marking  ] GC(3) Concurrent Scan Root Regions
[0.319s][info][gc,marking  ] GC(3) Concurrent Scan Root Regions 8.802ms
[0.319s][info][gc,marking  ] GC(3) Concurrent Mark
[0.319s][info][gc,marking  ] GC(3) Concurrent Mark From Roots
[0.319s][info][gc,task     ] GC(3) Using 1 workers of 1 for marking
[0.328s][info][gc,marking  ] GC(3) Concurrent Mark From Roots 8.799ms
[0.328s][info][gc,marking  ] GC(3) Concurrent Preclean
[0.328s][info][gc,marking  ] GC(3) Concurrent Preclean 0.033ms
[0.328s][info][gc,start    ] GC(3) Pause Remark
[0.329s][info][gc          ] GC(3) Pause Remark 3M->3M(10M) 0.948ms
[0.329s][info][gc,cpu      ] GC(3) User=0.00s Sys=0.00s Real=0.00s
[0.329s][info][gc,marking  ] GC(3) Concurrent Mark 10.158ms
[0.329s][info][gc,marking  ] GC(3) Concurrent Rebuild Remembered Sets
[0.331s][info][gc,marking  ] GC(3) Concurrent Rebuild Remembered Sets 1.260ms
[0.332s][info][gc,start    ] GC(3) Pause Cleanup
[0.332s][info][gc          ] GC(3) Pause Cleanup 3M->3M(10M) 0.038ms
[0.332s][info][gc,cpu      ] GC(3) User=0.00s Sys=0.00s Real=0.00s
[0.332s][info][gc,marking  ] GC(3) Concurrent Cleanup for Next Mark
[0.332s][info][gc,marking  ] GC(3) Concurrent Cleanup for Next Mark 0.138ms
[0.332s][info][gc          ] GC(3) Concurrent Mark Cycle 21.606ms
[0.347s][info][gc,start    ] GC(4) Pause Young (Normal) (G1 Evacuation Pause)
[0.347s][info][gc,task     ] GC(4) Using 2 workers of 2 for evacuation
[0.349s][info][gc,phases   ] GC(4)   Pre Evacuate Collection Set: 0.1ms
[0.349s][info][gc,phases   ] GC(4)   Merge Heap Roots: 0.0ms
[0.349s][info][gc,phases   ] GC(4)   Evacuate Collection Set: 2.2ms
[0.349s][info][gc,phases   ] GC(4)   Post Evacuate Collection Set: 0.2ms
[0.349s][info][gc,phases   ] GC(4)   Other: 0.1ms
[0.349s][info][gc,heap     ] GC(4) Eden regions: 1->0(1)
[0.349s][info][gc,heap     ] GC(4) Survivor regions: 1->1(1)
[0.349s][info][gc,heap     ] GC(4) Old regions: 2->2
[0.349s][info][gc,heap     ] GC(4) Archive regions: 2->2
[0.349s][info][gc,heap     ] GC(4) Humongous regions: 0->0
[0.349s][info][gc,metaspace] GC(4) Metaspace: 7679K(7808K)->7679K(7808K) NonClass: 6768K(6848K)->6768K(6848K) Class: 910K(960K)->910K(960K)
[0.349s][info][gc          ] GC(4) Pause Young (Normal) (G1 Evacuation Pause) 3M->3M(10M) 2.661ms
[0.349s][info][gc,cpu      ] GC(4) User=0.00s Sys=0.00s Real=0.00s
[0.369s][info][gc,start    ] GC(5) Pause Young (Concurrent Start) (G1 Evacuation Pause)
[0.369s][info][gc,task     ] GC(5) Using 2 workers of 2 for evacuation
[0.372s][info][gc,phases   ] GC(5)   Pre Evacuate Collection Set: 0.0ms
[0.372s][info][gc,phases   ] GC(5)   Merge Heap Roots: 0.0ms
[0.372s][info][gc,phases   ] GC(5)   Evacuate Collection Set: 2.2ms
[0.372s][info][gc,phases   ] GC(5)   Post Evacuate Collection Set: 0.2ms
[0.372s][info][gc,phases   ] GC(5)   Other: 0.1ms
[0.372s][info][gc,heap     ] GC(5) Eden regions: 1->0(1)
[0.372s][info][gc,heap     ] GC(5) Survivor regions: 1->1(1)
[0.372s][info][gc,heap     ] GC(5) Old regions: 2->2
[0.372s][info][gc,heap     ] GC(5) Archive regions: 2->2
[0.372s][info][gc,heap     ] GC(5) Humongous regions: 0->0
[0.372s][info][gc,metaspace] GC(5) Metaspace: 7758K(7872K)->7758K(7872K) NonClass: 6841K(6912K)->6841K(6912K) Class: 916K(960K)->916K(960K)
[0.372s][info][gc          ] GC(5) Pause Young (Concurrent Start) (G1 Evacuation Pause) 4M->3M(10M) 2.577ms
[0.372s][info][gc,cpu      ] GC(5) User=0.01s Sys=0.00s Real=0.00s
[0.372s][info][gc          ] GC(6) Concurrent Mark Cycle
[0.372s][info][gc,marking  ] GC(6) Concurrent Clear Claimed Marks
[0.372s][info][gc,marking  ] GC(6) Concurrent Clear Claimed Marks 0.006ms
[0.372s][info][gc,marking  ] GC(6) Concurrent Scan Root Regions
[0.373s][info][gc,marking  ] GC(6) Concurrent Scan Root Regions 0.812ms
[0.373s][info][gc,marking  ] GC(6) Concurrent Mark
[0.373s][info][gc,marking  ] GC(6) Concurrent Mark From Roots
[0.373s][info][gc,task     ] GC(6) Using 1 workers of 1 for marking
[0.376s][info][gc,marking  ] GC(6) Concurrent Mark From Roots 3.373ms
[0.376s][info][gc,marking  ] GC(6) Concurrent Preclean
[0.376s][info][gc,marking  ] GC(6) Concurrent Preclean 0.030ms
[0.388s][info][gc,start    ] GC(6) Pause Remark
[0.389s][info][gc          ] GC(6) Pause Remark 3M->3M(10M) 0.717ms
[0.389s][info][gc,cpu      ] GC(6) User=0.00s Sys=0.00s Real=0.00s
[0.393s][info][gc,marking  ] GC(6) Concurrent Mark 20.229ms
[0.393s][info][gc,marking  ] GC(6) Concurrent Rebuild Remembered Sets
[0.393s][info][gc,marking  ] GC(6) Concurrent Rebuild Remembered Sets 0.004ms
[0.394s][info][gc,start    ] GC(6) Pause Cleanup
[0.394s][info][gc          ] GC(6) Pause Cleanup 3M->3M(10M) 0.020ms
[0.394s][info][gc,cpu      ] GC(6) User=0.00s Sys=0.00s Real=0.00s
[0.394s][info][gc,marking  ] GC(6) Concurrent Cleanup for Next Mark
[0.395s][info][gc,marking  ] GC(6) Concurrent Cleanup for Next Mark 1.137ms
[0.395s][info][gc          ] GC(6) Concurrent Mark Cycle 22.508ms
[0.400s][info][gc,start    ] GC(7) Pause Young (Normal) (G1 Evacuation Pause)
[0.400s][info][gc,task     ] GC(7) Using 2 workers of 2 for evacuation
[0.403s][info][gc,phases   ] GC(7)   Pre Evacuate Collection Set: 0.0ms
[0.403s][info][gc,phases   ] GC(7)   Merge Heap Roots: 0.0ms
[0.403s][info][gc,phases   ] GC(7)   Evacuate Collection Set: 2.6ms
[0.403s][info][gc,phases   ] GC(7)   Post Evacuate Collection Set: 0.2ms
[0.403s][info][gc,phases   ] GC(7)   Other: 0.1ms
[0.403s][info][gc,heap     ] GC(7) Eden regions: 1->0(1)
[0.403s][info][gc,heap     ] GC(7) Survivor regions: 1->1(1)
[0.403s][info][gc,heap     ] GC(7) Old regions: 2->3
[0.403s][info][gc,heap     ] GC(7) Archive regions: 2->2
[0.403s][info][gc,heap     ] GC(7) Humongous regions: 0->0
[0.403s][info][gc,metaspace] GC(7) Metaspace: 8015K(8256K)->8015K(8256K) NonClass: 7060K(7168K)->7060K(7168K) Class: 955K(1088K)->955K(1088K)
[0.403s][info][gc          ] GC(7) Pause Young (Normal) (G1 Evacuation Pause) 4M->3M(10M) 2.942ms
[0.403s][info][gc,cpu      ] GC(7) User=0.01s Sys=0.00s Real=0.00s
[0.415s][info][gc,start    ] GC(8) Pause Young (Concurrent Start) (G1 Evacuation Pause)
[0.415s][info][gc,task     ] GC(8) Using 2 workers of 2 for evacuation
[0.417s][info][gc,phases   ] GC(8)   Pre Evacuate Collection Set: 0.1ms
[0.417s][info][gc,phases   ] GC(8)   Merge Heap Roots: 0.0ms
[0.417s][info][gc,phases   ] GC(8)   Evacuate Collection Set: 2.4ms
[0.417s][info][gc,phases   ] GC(8)   Post Evacuate Collection Set: 0.2ms
[0.417s][info][gc,phases   ] GC(8)   Other: 0.1ms
[0.417s][info][gc,heap     ] GC(8) Eden regions: 1->0(6)
[0.417s][info][gc,heap     ] GC(8) Survivor regions: 1->1(1)
[0.417s][info][gc,heap     ] GC(8) Old regions: 3->3
[0.417s][info][gc,heap     ] GC(8) Archive regions: 2->2
[0.417s][info][gc,heap     ] GC(8) Humongous regions: 0->0
[0.417s][info][gc,metaspace] GC(8) Metaspace: 8031K(8256K)->8031K(8256K) NonClass: 7075K(7168K)->7075K(7168K) Class: 955K(1088K)->955K(1088K)
[0.417s][info][gc          ] GC(8) Pause Young (Concurrent Start) (G1 Evacuation Pause) 4M->3M(20M) 2.749ms
[0.417s][info][gc,cpu      ] GC(8) User=0.01s Sys=0.00s Real=0.01s
[0.426s][info][gc          ] GC(9) Concurrent Mark Cycle
[0.426s][info][gc,marking  ] GC(9) Concurrent Clear Claimed Marks
[0.426s][info][gc,marking  ] GC(9) Concurrent Clear Claimed Marks 0.007ms
[0.426s][info][gc,marking  ] GC(9) Concurrent Scan Root Regions
[0.426s][info][gc,marking  ] GC(9) Concurrent Scan Root Regions 0.730ms
[0.426s][info][gc,marking  ] GC(9) Concurrent Mark
[0.426s][info][gc,marking  ] GC(9) Concurrent Mark From Roots
[0.426s][info][gc,task     ] GC(9) Using 1 workers of 1 for marking
[0.431s][info][gc,marking  ] GC(9) Concurrent Mark From Roots 4.390ms
[0.431s][info][gc,marking  ] GC(9) Concurrent Preclean
[0.431s][info][gc,marking  ] GC(9) Concurrent Preclean 0.031ms
[0.431s][info][gc,start    ] GC(9) Pause Remark
[0.432s][info][gc          ] GC(9) Pause Remark 4M->4M(20M) 0.751ms
[0.432s][info][gc,cpu      ] GC(9) User=0.00s Sys=0.00s Real=0.00s
[0.438s][info][gc,marking  ] GC(9) Concurrent Mark 11.160ms
[0.438s][info][gc,marking  ] GC(9) Concurrent Rebuild Remembered Sets
[0.440s][info][gc,marking  ] GC(9) Concurrent Rebuild Remembered Sets 2.230ms
[0.440s][info][gc,start    ] GC(9) Pause Cleanup
[0.440s][info][gc          ] GC(9) Pause Cleanup 4M->4M(20M) 0.053ms
[0.440s][info][gc,cpu      ] GC(9) User=0.00s Sys=0.00s Real=0.00s
[0.440s][info][gc,marking  ] GC(9) Concurrent Cleanup for Next Mark
[0.440s][info][gc,marking  ] GC(9) Concurrent Cleanup for Next Mark 0.162ms
[0.440s][info][gc          ] GC(9) Concurrent Mark Cycle 14.454ms
[0.498s][info][gc,start    ] GC(10) Pause Young (Normal) (G1 Evacuation Pause)
[0.498s][info][gc,task     ] GC(10) Using 2 workers of 2 for evacuation
[0.501s][info][gc,phases   ] GC(10)   Pre Evacuate Collection Set: 0.3ms
[0.501s][info][gc,phases   ] GC(10)   Merge Heap Roots: 0.0ms
[0.501s][info][gc,phases   ] GC(10)   Evacuate Collection Set: 2.0ms
[0.501s][info][gc,phases   ] GC(10)   Post Evacuate Collection Set: 0.2ms
[0.501s][info][gc,phases   ] GC(10)   Other: 0.1ms
[0.501s][info][gc,heap     ] GC(10) Eden regions: 6->0(6)
[0.501s][info][gc,heap     ] GC(10) Survivor regions: 1->1(1)
[0.501s][info][gc,heap     ] GC(10) Old regions: 3->3
[0.501s][info][gc,heap     ] GC(10) Archive regions: 2->2
[0.501s][info][gc,heap     ] GC(10) Humongous regions: 0->0
[0.501s][info][gc,metaspace] GC(10) Metaspace: 8307K(8512K)->8307K(8512K) NonClass: 7330K(7424K)->7330K(7424K) Class: 976K(1088K)->976K(1088K)
[0.501s][info][gc          ] GC(10) Pause Young (Normal) (G1 Evacuation Pause) 9M->4M(20M) 2.765ms
[0.501s][info][gc,cpu      ] GC(10) User=0.01s Sys=0.00s Real=0.00s
[0.588s][info][gc,start    ] GC(11) Pause Young (Normal) (G1 Evacuation Pause)
[0.589s][info][gc,task     ] GC(11) Using 2 workers of 2 for evacuation
[0.596s][info][gc,phases   ] GC(11)   Pre Evacuate Collection Set: 0.1ms
[0.596s][info][gc,phases   ] GC(11)   Merge Heap Roots: 0.0ms
[0.596s][info][gc,phases   ] GC(11)   Evacuate Collection Set: 7.3ms
[0.596s][info][gc,phases   ] GC(11)   Post Evacuate Collection Set: 0.2ms
[0.596s][info][gc,phases   ] GC(11)   Other: 0.1ms
[0.596s][info][gc,heap     ] GC(11) Eden regions: 6->0(5)
[0.596s][info][gc,heap     ] GC(11) Survivor regions: 1->1(1)
[0.596s][info][gc,heap     ] GC(11) Old regions: 3->5
[0.596s][info][gc,heap     ] GC(11) Archive regions: 2->2
[0.596s][info][gc,heap     ] GC(11) Humongous regions: 0->0
[0.596s][info][gc,metaspace] GC(11) Metaspace: 8781K(8960K)->8781K(8960K) NonClass: 7734K(7808K)->7734K(7808K) Class: 1046K(1152K)->1046K(1152K)
[0.596s][info][gc          ] GC(11) Pause Young (Normal) (G1 Evacuation Pause) 10M->6M(20M) 7.768ms
[0.596s][info][gc,cpu      ] GC(11) User=0.01s Sys=0.00s Real=0.01s
[0.704s][info][gc,heap,exit] Heap
[0.704s][info][gc,heap,exit]  garbage-first heap   total 20480K, used 10220K [0x00000000e2c00000, 0x0000000100000000)
[0.704s][info][gc,heap,exit]   region size 1024K, 5 young (5120K), 1 survivors (1024K)
[0.704s][info][gc,heap,exit]  Metaspace       used 9722K, committed 9984K, reserved 1114112K
[0.704s][info][gc,heap,exit]   class space    used 1185K, committed 1280K, reserved 1048576K
----------System.err:(0/0)----------
result: Passed. Compilation successful

#section:main
----------messages:(7/589)----------
command: main -Xbootclasspath/a:. -XX:+UnlockDiagnosticVMOptions -XX:+WhiteBoxAPI -XX:+UseG1GC -Xlog:gc* -Xlog:gc:g1gc.log TestG1GCByLRUCache
reason: User specified action: run main/othervm -Xbootclasspath/a:. -XX:+UnlockDiagnosticVMOptions -XX:+WhiteBoxAPI -XX:+UseG1GC -Xlog:gc* -Xlog:gc:g1gc.log TestG1GCByLRUCache 
started: Mon Sep 02 15:36:28 CST 2024
Mode: othervm [/othervm specified]
Additional options from @modules: --add-modules java.base,java.management --add-exports java.base/jdk.internal.misc=ALL-UNNAMED
finished: Mon Sep 02 15:36:35 CST 2024
elapsed time (seconds): 7.142
----------configuration:(4/111)----------
Boot Layer
  add modules: java.base java.management   
  add exports: java.base/jdk.internal.misc ALL-UNNAMED

----------System.out:(1122/74956)----------
[0.003s][info][gc] Using G1
[0.004s][info][gc,init] Version: 17.0.11+1-LTS (release)
[0.004s][info][gc,init] CPUs: 2 total, 2 available
[0.004s][info][gc,init] Memory: 1871M
[0.004s][info][gc,init] Large Page Support: Disabled
[0.004s][info][gc,init] NUMA Support: Disabled
[0.004s][info][gc,init] Compressed Oops: Enabled (32-bit)
[0.004s][info][gc,init] Heap Region Size: 1M
[0.004s][info][gc,init] Heap Min Capacity: 8M
[0.004s][info][gc,init] Heap Initial Capacity: 30M
[0.004s][info][gc,init] Heap Max Capacity: 468M
[0.004s][info][gc,init] Pre-touch: Disabled
[0.004s][info][gc,init] Parallel Workers: 2
[0.004s][info][gc,init] Concurrent Workers: 1
[0.004s][info][gc,init] Concurrent Refinement Workers: 2
[0.004s][info][gc,init] Periodic GC: Disabled
[0.011s][info][gc,metaspace] CDS archive(s) mapped at: [0x00007ff467000000-0x00007ff467bbb000-0x00007ff467bbb000), size 12300288, SharedBaseAddress: 0x00007ff467000000, ArchiveRelocationMode: 1.
[0.011s][info][gc,metaspace] Compressed class space mapped at: 0x00007ff468000000-0x00007ff4a8000000, reserved size: 1073741824
[0.011s][info][gc,metaspace] Narrow klass base: 0x00007ff467000000, Narrow klass shift: 0, Narrow klass range: 0x100000000
Max heap size: 468 MB
Cache size:383385
Total operations:527155
Operations: 0
Live objects in old region: 0
old regions with liveness less than 50%
Total Old Regions: 0, Total Memory of Old Regions: 0, Estimated Memory to Free: 0
old regions with liveness less than 70%
Total Old Regions: 0, Total Memory of Old Regions: 0, Estimated Memory to Free: 0
old regions with liveness less than 90%
Total Old Regions: 0, Total Memory of Old Regions: 0, Estimated Memory to Free: 0
[0.098s][info][gc,task     ] GC(0) Using 2 workers of 2 for full compaction
[0.098s][info][gc,start    ] GC(0) Pause Full (System.gc())
[0.098s][info][gc,phases,start] GC(0) Phase 1: Mark live objects
[0.100s][info][gc,phases      ] GC(0) Phase 1: Mark live objects 1.818ms
[0.100s][info][gc,phases,start] GC(0) Phase 2: Prepare for compaction
[0.100s][info][gc,phases      ] GC(0) Phase 2: Prepare for compaction 0.298ms
[0.100s][info][gc,phases,start] GC(0) Phase 3: Adjust pointers
[0.101s][info][gc,phases      ] GC(0) Phase 3: Adjust pointers 0.915ms
[0.101s][info][gc,phases,start] GC(0) Phase 4: Compact heap
[0.102s][info][gc,phases      ] GC(0) Phase 4: Compact heap 0.648ms
[0.103s][info][gc,heap        ] GC(0) Eden regions: 3->0(6)
[0.103s][info][gc,heap        ] GC(0) Survivor regions: 0->0(0)
[0.103s][info][gc,heap        ] GC(0) Old regions: 0->2
[0.103s][info][gc,heap        ] GC(0) Archive regions: 2->2
[0.103s][info][gc,heap        ] GC(0) Humongous regions: 3->3
[0.103s][info][gc,metaspace   ] GC(0) Metaspace: 891K(1088K)->891K(1088K) NonClass: 804K(896K)->804K(896K) Class: 86K(192K)->86K(192K)
[0.103s][info][gc             ] GC(0) Pause Full (System.gc()) 6M->4M(24M) 4.352ms
[0.103s][info][gc,cpu         ] GC(0) User=0.01s Sys=0.00s Real=0.01s
[0.112s][info][gc,start       ] GC(1) Pause Young (Normal) (G1 Evacuation Pause)
[0.112s][info][gc,task        ] GC(1) Using 2 workers of 2 for evacuation
[0.120s][info][gc,phases      ] GC(1)   Pre Evacuate Collection Set: 0.0ms
[0.120s][info][gc,phases      ] GC(1)   Merge Heap Roots: 0.1ms
[0.120s][info][gc,phases      ] GC(1)   Evacuate Collection Set: 6.8ms
[0.120s][info][gc,phases      ] GC(1)   Post Evacuate Collection Set: 0.2ms
[0.120s][info][gc,phases      ] GC(1)   Other: 0.1ms
[0.120s][info][gc,heap        ] GC(1) Eden regions: 6->0(1)
[0.120s][info][gc,heap        ] GC(1) Survivor regions: 0->1(1)
[0.120s][info][gc,heap        ] GC(1) Old regions: 2->7
[0.120s][info][gc,heap        ] GC(1) Archive regions: 2->2
[0.120s][info][gc,heap        ] GC(1) Humongous regions: 3->3
[0.120s][info][gc,metaspace   ] GC(1) Metaspace: 899K(1088K)->899K(1088K) NonClass: 812K(896K)->812K(896K) Class: 86K(192K)->86K(192K)
[0.120s][info][gc             ] GC(1) Pause Young (Normal) (G1 Evacuation Pause) 10M->10M(24M) 7.177ms
[0.120s][info][gc,cpu         ] GC(1) User=0.01s Sys=0.01s Real=0.01s
[0.121s][info][gc,start       ] GC(2) Pause Young (Concurrent Start) (G1 Evacuation Pause)
[0.121s][info][gc,task        ] GC(2) Using 2 workers of 2 for evacuation
[0.124s][info][gc,phases      ] GC(2)   Pre Evacuate Collection Set: 0.0ms
[0.124s][info][gc,phases      ] GC(2)   Merge Heap Roots: 0.1ms
[0.124s][info][gc,phases      ] GC(2)   Evacuate Collection Set: 1.8ms
[0.124s][info][gc,phases      ] GC(2)   Post Evacuate Collection Set: 0.1ms
[0.124s][info][gc,phases      ] GC(2)   Other: 0.1ms
[0.124s][info][gc,heap        ] GC(2) Eden regions: 1->0(1)
[0.124s][info][gc,heap        ] GC(2) Survivor regions: 1->1(1)
[0.124s][info][gc,heap        ] GC(2) Old regions: 7->9
[0.124s][info][gc,heap        ] GC(2) Archive regions: 2->2
[0.124s][info][gc,heap        ] GC(2) Humongous regions: 3->3
[0.124s][info][gc,metaspace   ] GC(2) Metaspace: 899K(1088K)->899K(1088K) NonClass: 812K(896K)->812K(896K) Class: 86K(192K)->86K(192K)
[0.124s][info][gc             ] GC(2) Pause Young (Concurrent Start) (G1 Evacuation Pause) 11M->11M(24M) 2.162ms
[0.124s][info][gc,cpu         ] GC(2) User=0.01s Sys=0.00s Real=0.00s
[0.124s][info][gc             ] GC(3) Concurrent Mark Cycle
[0.124s][info][gc,marking     ] GC(3) Concurrent Clear Claimed Marks
[0.124s][info][gc,marking     ] GC(3) Concurrent Clear Claimed Marks 0.004ms
[0.124s][info][gc,marking     ] GC(3) Concurrent Scan Root Regions
[0.125s][info][gc,marking     ] GC(3) Concurrent Scan Root Regions 1.765ms
[0.125s][info][gc,marking     ] GC(3) Concurrent Mark
[0.125s][info][gc,marking     ] GC(3) Concurrent Mark From Roots
[0.125s][info][gc,task        ] GC(3) Using 1 workers of 1 for marking
[0.131s][info][gc,marking     ] GC(3) Concurrent Mark From Roots 5.434ms
[0.131s][info][gc,marking     ] GC(3) Concurrent Preclean
[0.131s][info][gc,marking     ] GC(3) Concurrent Preclean 0.037ms
[0.134s][info][gc,start       ] GC(4) Pause Young (Normal) (G1 Evacuation Pause)
[0.134s][info][gc,task        ] GC(4) Using 2 workers of 2 for evacuation
[0.135s][info][gc,phases      ] GC(4)   Pre Evacuate Collection Set: 0.1ms
[0.135s][info][gc,phases      ] GC(4)   Merge Heap Roots: 0.0ms
[0.135s][info][gc,phases      ] GC(4)   Evacuate Collection Set: 1.2ms
[0.135s][info][gc,phases      ] GC(4)   Post Evacuate Collection Set: 0.1ms
[0.135s][info][gc,phases      ] GC(4)   Other: 0.1ms
[0.135s][info][gc,heap        ] GC(4) Eden regions: 1->0(1)
[0.135s][info][gc,heap        ] GC(4) Survivor regions: 1->1(1)
[0.135s][info][gc,heap        ] GC(4) Old regions: 9->10
[0.135s][info][gc,heap        ] GC(4) Archive regions: 2->2
[0.135s][info][gc,heap        ] GC(4) Humongous regions: 3->3
[0.135s][info][gc,metaspace   ] GC(4) Metaspace: 899K(1088K)->899K(1088K) NonClass: 812K(896K)->812K(896K) Class: 86K(192K)->86K(192K)
[0.135s][info][gc             ] GC(4) Pause Young (Normal) (G1 Evacuation Pause) 12M->12M(24M) 1.484ms
[0.135s][info][gc,cpu         ] GC(4) User=0.01s Sys=0.00s Real=0.00s
[0.142s][info][gc,start       ] GC(5) Pause Young (Normal) (G1 Evacuation Pause)
[0.142s][info][gc,task        ] GC(5) Using 2 workers of 2 for evacuation
[0.143s][info][gc,phases      ] GC(5)   Pre Evacuate Collection Set: 0.1ms
[0.143s][info][gc,phases      ] GC(5)   Merge Heap Roots: 0.0ms
[0.143s][info][gc,phases      ] GC(5)   Evacuate Collection Set: 0.9ms
[0.143s][info][gc,phases      ] GC(5)   Post Evacuate Collection Set: 0.4ms
[0.143s][info][gc,phases      ] GC(5)   Other: 0.1ms
[0.143s][info][gc,heap        ] GC(5) Eden regions: 1->0(5)
[0.143s][info][gc,heap        ] GC(5) Survivor regions: 1->1(1)
[0.143s][info][gc,heap        ] GC(5) Old regions: 10->11
[0.143s][info][gc,heap        ] GC(5) Archive regions: 2->2
[0.143s][info][gc,heap        ] GC(5) Humongous regions: 3->3
[0.143s][info][gc,metaspace   ] GC(5) Metaspace: 899K(1088K)->899K(1088K) NonClass: 812K(896K)->812K(896K) Class: 86K(192K)->86K(192K)
[0.143s][info][gc             ] GC(5) Pause Young (Normal) (G1 Evacuation Pause) 13M->13M(72M) 1.532ms
[0.143s][info][gc,cpu         ] GC(5) User=0.01s Sys=0.00s Real=0.00s
Operations: 10000
Live objects in old region: 6969
old regions with liveness less than 50%
Total Old Regions: 0, Total Memory of Old Regions: 0, Estimated Memory to Free: 0
old regions with liveness less than 70%
Total Old Regions: 0, Total Memory of Old Regions: 0, Estimated Memory to Free: 0
old regions with liveness less than 90%
Total Old Regions: 0, Total Memory of Old Regions: 0, Estimated Memory to Free: 0
[0.154s][info][gc,task        ] GC(6) Using 2 workers of 2 for full compaction
[0.154s][info][gc,start       ] GC(6) Pause Full (System.gc())
[0.155s][info][gc,phases,start] GC(6) Phase 1: Mark live objects
[0.158s][info][gc,phases      ] GC(6) Phase 1: Mark live objects 3.538ms
[0.158s][info][gc,phases,start] GC(6) Phase 2: Prepare for compaction
[0.159s][info][gc,phases      ] GC(6) Phase 2: Prepare for compaction 0.588ms
[0.159s][info][gc,phases,start] GC(6) Phase 3: Adjust pointers
[0.160s][info][gc,phases      ] GC(6) Phase 3: Adjust pointers 1.393ms
[0.160s][info][gc,phases,start] GC(6) Phase 4: Compact heap
[0.161s][info][gc,phases      ] GC(6) Phase 4: Compact heap 0.892ms
[0.162s][info][gc,heap        ] GC(6) Eden regions: 3->0(7)
[0.162s][info][gc,heap        ] GC(6) Survivor regions: 1->0(1)
[0.162s][info][gc,heap        ] GC(6) Old regions: 11->13
[0.162s][info][gc,heap        ] GC(6) Archive regions: 2->2
[0.162s][info][gc,heap        ] GC(6) Humongous regions: 3->3
[0.162s][info][gc,metaspace   ] GC(6) Metaspace: 901K(1088K)->901K(1088K) NonClass: 814K(896K)->814K(896K) Class: 86K(192K)->86K(192K)
[0.162s][info][gc             ] GC(6) Pause Full (System.gc()) 16M->15M(60M) 7.701ms
[0.162s][info][gc,cpu         ] GC(6) User=0.01s Sys=0.00s Real=0.01s
[0.162s][info][gc,start       ] GC(3) Pause Remark
[0.162s][info][gc             ] GC(3) Pause Remark 15M->15M(60M) 0.012ms
[0.162s][info][gc,cpu         ] GC(3) User=0.00s Sys=0.00s Real=0.00s
[0.162s][info][gc,marking     ] GC(3) Concurrent Mark Abort
[0.162s][info][gc             ] GC(3) Concurrent Mark Cycle 38.521ms
[0.175s][info][gc,start       ] GC(7) Pause Young (Normal) (G1 Evacuation Pause)
[0.175s][info][gc,task        ] GC(7) Using 2 workers of 2 for evacuation
[0.180s][info][gc,phases      ] GC(7)   Pre Evacuate Collection Set: 0.0ms
[0.180s][info][gc,phases      ] GC(7)   Merge Heap Roots: 0.9ms
[0.180s][info][gc,phases      ] GC(7)   Evacuate Collection Set: 3.6ms
[0.180s][info][gc,phases      ] GC(7)   Post Evacuate Collection Set: 0.1ms
[0.180s][info][gc,phases      ] GC(7)   Other: 0.1ms
[0.180s][info][gc,heap        ] GC(7) Eden regions: 7->0(7)
[0.180s][info][gc,heap        ] GC(7) Survivor regions: 0->1(1)
[0.180s][info][gc,heap        ] GC(7) Old regions: 13->19
[0.180s][info][gc,heap        ] GC(7) Archive regions: 2->2
[0.180s][info][gc,heap        ] GC(7) Humongous regions: 3->3
[0.180s][info][gc,metaspace   ] GC(7) Metaspace: 901K(1088K)->901K(1088K) NonClass: 814K(896K)->814K(896K) Class: 86K(192K)->86K(192K)
[0.180s][info][gc             ] GC(7) Pause Young (Normal) (G1 Evacuation Pause) 22M->22M(60M) 4.807ms
[0.180s][info][gc,cpu         ] GC(7) User=0.01s Sys=0.00s Real=0.01s
Operations: 20000
Live objects in old region: 14837
old regions with liveness less than 50%
Total Old Regions: 0, Total Memory of Old Regions: 0, Estimated Memory to Free: 0
old regions with liveness less than 70%
Total Old Regions: 0, Total Memory of Old Regions: 0, Estimated Memory to Free: 0
old regions with liveness less than 90%
Total Old Regions: 0, Total Memory of Old Regions: 0, Estimated Memory to Free: 0
[0.185s][info][gc,task        ] GC(8) Using 2 workers of 2 for full compaction
[0.185s][info][gc,start       ] GC(8) Pause Full (System.gc())
[0.185s][info][gc,phases,start] GC(8) Phase 1: Mark live objects
[0.191s][info][gc,phases      ] GC(8) Phase 1: Mark live objects 6.105ms
[0.191s][info][gc,phases,start] GC(8) Phase 2: Prepare for compaction
[0.192s][info][gc,phases      ] GC(8) Phase 2: Prepare for compaction 0.593ms
[0.192s][info][gc,phases,start] GC(8) Phase 3: Adjust pointers
[0.194s][info][gc,phases      ] GC(8) Phase 3: Adjust pointers 1.950ms
[0.194s][info][gc,phases,start] GC(8) Phase 4: Compact heap
[0.194s][info][gc,phases      ] GC(8) Phase 4: Compact heap 0.720ms
[0.195s][info][gc,heap        ] GC(8) Eden regions: 5->0(7)
[0.195s][info][gc,heap        ] GC(8) Survivor regions: 1->0(1)
[0.195s][info][gc,heap        ] GC(8) Old regions: 19->24
[0.195s][info][gc,heap        ] GC(8) Archive regions: 2->2
[0.195s][info][gc,heap        ] GC(8) Humongous regions: 3->3
[0.195s][info][gc,metaspace   ] GC(8) Metaspace: 902K(1088K)->902K(1088K) NonClass: 815K(896K)->815K(896K) Class: 86K(192K)->86K(192K)
[0.195s][info][gc             ] GC(8) Pause Full (System.gc()) 26M->26M(60M) 9.779ms
[0.195s][info][gc,cpu         ] GC(8) User=0.02s Sys=0.01s Real=0.01s
[0.200s][info][gc,start       ] GC(9) Pause Young (Concurrent Start) (G1 Evacuation Pause)
[0.200s][info][gc,task        ] GC(9) Using 2 workers of 2 for evacuation
[0.205s][info][gc,phases      ] GC(9)   Pre Evacuate Collection Set: 0.0ms
[0.205s][info][gc,phases      ] GC(9)   Merge Heap Roots: 0.2ms
[0.205s][info][gc,phases      ] GC(9)   Evacuate Collection Set: 4.1ms
[0.205s][info][gc,phases      ] GC(9)   Post Evacuate Collection Set: 0.1ms
[0.205s][info][gc,phases      ] GC(9)   Other: 0.1ms
[0.205s][info][gc,heap        ] GC(9) Eden regions: 7->0(4)
[0.205s][info][gc,heap        ] GC(9) Survivor regions: 0->1(1)
[0.205s][info][gc,heap        ] GC(9) Old regions: 24->31
[0.205s][info][gc,heap        ] GC(9) Archive regions: 2->2
[0.205s][info][gc,heap        ] GC(9) Humongous regions: 3->3
[0.205s][info][gc,metaspace   ] GC(9) Metaspace: 902K(1088K)->902K(1088K) NonClass: 815K(896K)->815K(896K) Class: 86K(192K)->86K(192K)
[0.205s][info][gc             ] GC(9) Pause Young (Concurrent Start) (G1 Evacuation Pause) 33M->33M(60M) 4.569ms
[0.205s][info][gc,cpu         ] GC(9) User=0.00s Sys=0.00s Real=0.00s
[0.205s][info][gc             ] GC(10) Concurrent Mark Cycle
[0.205s][info][gc,marking     ] GC(10) Concurrent Clear Claimed Marks
[0.205s][info][gc,marking     ] GC(10) Concurrent Clear Claimed Marks 0.005ms
[0.205s][info][gc,marking     ] GC(10) Concurrent Scan Root Regions
[0.207s][info][gc,marking     ] GC(10) Concurrent Scan Root Regions 1.660ms
[0.207s][info][gc,marking     ] GC(10) Concurrent Mark
[0.207s][info][gc,marking     ] GC(10) Concurrent Mark From Roots
[0.207s][info][gc,task        ] GC(10) Using 1 workers of 1 for marking
[0.212s][info][gc,start       ] GC(11) Pause Young (Normal) (G1 Evacuation Pause)
[0.212s][info][gc,task        ] GC(11) Using 2 workers of 2 for evacuation
[0.216s][info][gc,phases      ] GC(11)   Pre Evacuate Collection Set: 0.0ms
[0.216s][info][gc,phases      ] GC(11)   Merge Heap Roots: 0.1ms
[0.216s][info][gc,phases      ] GC(11)   Evacuate Collection Set: 4.1ms
[0.216s][info][gc,phases      ] GC(11)   Post Evacuate Collection Set: 0.1ms
[0.216s][info][gc,phases      ] GC(11)   Other: 0.1ms
[0.216s][info][gc,heap        ] GC(11) Eden regions: 4->0(3)
[0.216s][info][gc,heap        ] GC(11) Survivor regions: 1->1(1)
[0.216s][info][gc,heap        ] GC(11) Old regions: 31->35
[0.216s][info][gc,heap        ] GC(11) Archive regions: 2->2
[0.216s][info][gc,heap        ] GC(11) Humongous regions: 3->3
[0.216s][info][gc,metaspace   ] GC(11) Metaspace: 902K(1088K)->902K(1088K) NonClass: 815K(896K)->815K(896K) Class: 86K(192K)->86K(192K)
[0.216s][info][gc             ] GC(11) Pause Young (Normal) (G1 Evacuation Pause) 37M->38M(60M) 4.437ms
[0.216s][info][gc,cpu         ] GC(11) User=0.01s Sys=0.00s Real=0.00s
Operations: 30000
Live objects in old region: 27668
old regions with liveness less than 50%
Total Old Regions: 0, Total Memory of Old Regions: 0, Estimated Memory to Free: 0
old regions with liveness less than 70%
Total Old Regions: 0, Total Memory of Old Regions: 0, Estimated Memory to Free: 0
old regions with liveness less than 90%
Total Old Regions: 0, Total Memory of Old Regions: 0, Estimated Memory to Free: 0
[0.222s][info][gc,task        ] GC(12) Using 2 workers of 2 for full compaction
[0.222s][info][gc,start       ] GC(12) Pause Full (System.gc())
[0.222s][info][gc,phases,start] GC(12) Phase 1: Mark live objects
[0.229s][info][gc,phases      ] GC(12) Phase 1: Mark live objects 7.340ms
[0.229s][info][gc,phases,start] GC(12) Phase 2: Prepare for compaction
[0.230s][info][gc,phases      ] GC(12) Phase 2: Prepare for compaction 0.851ms
[0.230s][info][gc,phases,start] GC(12) Phase 3: Adjust pointers
[0.233s][info][gc,phases      ] GC(12) Phase 3: Adjust pointers 2.780ms
[0.233s][info][gc,phases,start] GC(12) Phase 4: Compact heap
[0.234s][info][gc,phases      ] GC(12) Phase 4: Compact heap 1.125ms
[0.235s][info][gc,heap        ] GC(12) Eden regions: 1->0(5)
[0.235s][info][gc,heap        ] GC(12) Survivor regions: 1->0(1)
[0.235s][info][gc,heap        ] GC(12) Old regions: 35->34
[0.235s][info][gc,heap        ] GC(12) Archive regions: 2->2
[0.235s][info][gc,heap        ] GC(12) Humongous regions: 3->3
[0.235s][info][gc,metaspace   ] GC(12) Metaspace: 902K(1088K)->902K(1088K) NonClass: 815K(896K)->815K(896K) Class: 86K(192K)->86K(192K)
[0.235s][info][gc             ] GC(12) Pause Full (System.gc()) 38M->36M(65M) 12.700ms
[0.235s][info][gc,cpu         ] GC(12) User=0.02s Sys=0.00s Real=0.01s
[0.238s][info][gc,marking     ] GC(10) Concurrent Mark From Roots 31.119ms
[0.238s][info][gc,start       ] GC(13) Pause Young (Normal) (G1 Evacuation Pause)
[0.238s][info][gc,task        ] GC(13) Using 2 workers of 2 for evacuation
[0.243s][info][gc,phases      ] GC(13)   Pre Evacuate Collection Set: 0.0ms
[0.243s][info][gc,phases      ] GC(13)   Merge Heap Roots: 0.1ms
[0.243s][info][gc,phases      ] GC(13)   Evacuate Collection Set: 3.6ms
[0.243s][info][gc,phases      ] GC(13)   Post Evacuate Collection Set: 0.9ms
[0.243s][info][gc,phases      ] GC(13)   Other: 0.1ms
[0.243s][info][gc,heap        ] GC(13) Eden regions: 5->0(13)
[0.243s][info][gc,heap        ] GC(13) Survivor regions: 0->1(1)
[0.243s][info][gc,heap        ] GC(13) Old regions: 34->38
[0.243s][info][gc,heap        ] GC(13) Archive regions: 2->2
[0.243s][info][gc,heap        ] GC(13) Humongous regions: 3->3
[0.243s][info][gc,metaspace   ] GC(13) Metaspace: 902K(1088K)->902K(1088K) NonClass: 815K(896K)->815K(896K) Class: 86K(192K)->86K(192K)
[0.243s][info][gc             ] GC(13) Pause Young (Normal) (G1 Evacuation Pause) 41M->41M(195M) 4.703ms
[0.243s][info][gc,cpu         ] GC(13) User=0.00s Sys=0.00s Real=0.01s
[0.243s][info][gc,marking     ] GC(10) Concurrent Mark Abort
[0.244s][info][gc             ] GC(10) Concurrent Mark Cycle 38.146ms
Operations: 40000
Live objects in old region: 31641
old regions with liveness less than 50%
Total Old Regions: 0, Total Memory of Old Regions: 0, Estimated Memory to Free: 0
old regions with liveness less than 70%
Total Old Regions: 0, Total Memory of Old Regions: 0, Estimated Memory to Free: 0
old regions with liveness less than 90%
Total Old Regions: 0, Total Memory of Old Regions: 0, Estimated Memory to Free: 0
[0.255s][info][gc,task        ] GC(14) Using 2 workers of 2 for full compaction
[0.255s][info][gc,start       ] GC(14) Pause Full (System.gc())
[0.255s][info][gc,phases,start] GC(14) Phase 1: Mark live objects
[0.265s][info][gc,phases      ] GC(14) Phase 1: Mark live objects 10.086ms
[0.265s][info][gc,phases,start] GC(14) Phase 2: Prepare for compaction
[0.267s][info][gc,phases      ] GC(14) Phase 2: Prepare for compaction 1.875ms
[0.267s][info][gc,phases,start] GC(14) Phase 3: Adjust pointers
[0.271s][info][gc,phases      ] GC(14) Phase 3: Adjust pointers 4.282ms
[0.271s][info][gc,phases,start] GC(14) Phase 4: Compact heap
[0.274s][info][gc,phases      ] GC(14) Phase 4: Compact heap 2.632ms
[0.275s][info][gc,heap        ] GC(14) Eden regions: 6->0(14)
[0.275s][info][gc,heap        ] GC(14) Survivor regions: 1->0(1)
[0.275s][info][gc,heap        ] GC(14) Old regions: 38->44
[0.275s][info][gc,heap        ] GC(14) Archive regions: 2->2
[0.275s][info][gc,heap        ] GC(14) Humongous regions: 3->3
[0.275s][info][gc,metaspace   ] GC(14) Metaspace: 903K(1088K)->903K(1088K) NonClass: 816K(896K)->816K(896K) Class: 86K(192K)->86K(192K)
[0.275s][info][gc             ] GC(14) Pause Full (System.gc()) 47M->47M(164M) 20.211ms
[0.275s][info][gc,cpu         ] GC(14) User=0.03s Sys=0.00s Real=0.02s
Operations: 50000
Live objects in old region: 36979
old regions with liveness less than 50%
Total Old Regions: 0, Total Memory of Old Regions: 0, Estimated Memory to Free: 0
old regions with liveness less than 70%
Total Old Regions: 0, Total Memory of Old Regions: 0, Estimated Memory to Free: 0
old regions with liveness less than 90%
Total Old Regions: 0, Total Memory of Old Regions: 0, Estimated Memory to Free: 0
[0.292s][info][gc,task        ] GC(15) Using 2 workers of 2 for full compaction
[0.292s][info][gc,start       ] GC(15) Pause Full (System.gc())
[0.292s][info][gc,phases,start] GC(15) Phase 1: Mark live objects
[0.305s][info][gc,phases      ] GC(15) Phase 1: Mark live objects 12.394ms
[0.305s][info][gc,phases,start] GC(15) Phase 2: Prepare for compaction
[0.307s][info][gc,phases      ] GC(15) Phase 2: Prepare for compaction 2.045ms
[0.307s][info][gc,phases,start] GC(15) Phase 3: Adjust pointers
[0.312s][info][gc,phases      ] GC(15) Phase 3: Adjust pointers 5.672ms
[0.312s][info][gc,phases,start] GC(15) Phase 4: Compact heap
[0.315s][info][gc,phases      ] GC(15) Phase 4: Compact heap 2.793ms
[0.316s][info][gc,heap        ] GC(15) Eden regions: 11->0(14)
[0.316s][info][gc,heap        ] GC(15) Survivor regions: 0->0(1)
[0.316s][info][gc,heap        ] GC(15) Old regions: 44->55
[0.316s][info][gc,heap        ] GC(15) Archive regions: 2->2
[0.316s][info][gc,heap        ] GC(15) Humongous regions: 3->3
[0.316s][info][gc,metaspace   ] GC(15) Metaspace: 904K(1088K)->904K(1088K) NonClass: 817K(896K)->817K(896K) Class: 86K(192K)->86K(192K)
[0.316s][info][gc             ] GC(15) Pause Full (System.gc()) 58M->57M(164M) 24.339ms
[0.316s][info][gc,cpu         ] GC(15) User=0.05s Sys=0.00s Real=0.02s
Operations: 60000
Live objects in old region: 45632
old regions with liveness less than 50%
Total Old Regions: 0, Total Memory of Old Regions: 0, Estimated Memory to Free: 0
old regions with liveness less than 70%
Total Old Regions: 0, Total Memory of Old Regions: 0, Estimated Memory to Free: 0
old regions with liveness less than 90%
Total Old Regions: 0, Total Memory of Old Regions: 0, Estimated Memory to Free: 0
[0.340s][info][gc,task        ] GC(16) Using 2 workers of 2 for full compaction
[0.340s][info][gc,start       ] GC(16) Pause Full (System.gc())
[0.340s][info][gc,phases,start] GC(16) Phase 1: Mark live objects
[0.358s][info][gc,phases      ] GC(16) Phase 1: Mark live objects 18.152ms
[0.358s][info][gc,phases,start] GC(16) Phase 2: Prepare for compaction
[0.361s][info][gc,phases      ] GC(16) Phase 2: Prepare for compaction 2.688ms
[0.361s][info][gc,phases,start] GC(16) Phase 3: Adjust pointers
[0.367s][info][gc,phases      ] GC(16) Phase 3: Adjust pointers 6.343ms
[0.367s][info][gc,phases,start] GC(16) Phase 4: Compact heap
[0.371s][info][gc,phases      ] GC(16) Phase 4: Compact heap 4.037ms
[0.372s][info][gc,heap        ] GC(16) Eden regions: 11->0(14)
[0.372s][info][gc,heap        ] GC(16) Survivor regions: 0->0(1)
[0.372s][info][gc,heap        ] GC(16) Old regions: 55->64
[0.372s][info][gc,heap        ] GC(16) Archive regions: 2->2
[0.372s][info][gc,heap        ] GC(16) Humongous regions: 4->4
[0.372s][info][gc,metaspace   ] GC(16) Metaspace: 904K(1088K)->904K(1088K) NonClass: 817K(896K)->817K(896K) Class: 86K(192K)->86K(192K)
[0.372s][info][gc             ] GC(16) Pause Full (System.gc()) 69M->67M(164M) 31.796ms
[0.372s][info][gc,cpu         ] GC(16) User=0.06s Sys=0.00s Real=0.03s
Operations: 70000
Live objects in old region: 54130
old regions with liveness less than 50%
Total Old Regions: 0, Total Memory of Old Regions: 0, Estimated Memory to Free: 0
old regions with liveness less than 70%
Total Old Regions: 0, Total Memory of Old Regions: 0, Estimated Memory to Free: 0
old regions with liveness less than 90%
Total Old Regions: 0, Total Memory of Old Regions: 0, Estimated Memory to Free: 0
[0.392s][info][gc,task        ] GC(17) Using 2 workers of 2 for full compaction
[0.392s][info][gc,start       ] GC(17) Pause Full (System.gc())
[0.392s][info][gc,phases,start] GC(17) Phase 1: Mark live objects
[0.409s][info][gc,phases      ] GC(17) Phase 1: Mark live objects 16.540ms
[0.409s][info][gc,phases,start] GC(17) Phase 2: Prepare for compaction
[0.411s][info][gc,phases      ] GC(17) Phase 2: Prepare for compaction 2.036ms
[0.411s][info][gc,phases,start] GC(17) Phase 3: Adjust pointers
[0.417s][info][gc,phases      ] GC(17) Phase 3: Adjust pointers 6.233ms
[0.417s][info][gc,phases,start] GC(17) Phase 4: Compact heap
[0.420s][info][gc,phases      ] GC(17) Phase 4: Compact heap 2.971ms
[0.420s][info][gc,heap        ] GC(17) Eden regions: 11->0(14)
[0.420s][info][gc,heap        ] GC(17) Survivor regions: 0->0(1)
[0.420s][info][gc,heap        ] GC(17) Old regions: 64->73
[0.420s][info][gc,heap        ] GC(17) Archive regions: 2->2
[0.420s][info][gc,heap        ] GC(17) Humongous regions: 4->4
[0.420s][info][gc,metaspace   ] GC(17) Metaspace: 929K(1152K)->929K(1152K) NonClass: 842K(960K)->842K(960K) Class: 86K(192K)->86K(192K)
[0.420s][info][gc             ] GC(17) Pause Full (System.gc()) 78M->77M(164M) 28.354ms
[0.420s][info][gc,cpu         ] GC(17) User=0.05s Sys=0.01s Real=0.03s
Operations: 80000
Live objects in old region: 62286
old regions with liveness less than 50%
Total Old Regions: 0, Total Memory of Old Regions: 0, Estimated Memory to Free: 0
old regions with liveness less than 70%
Total Old Regions: 0, Total Memory of Old Regions: 0, Estimated Memory to Free: 0
old regions with liveness less than 90%
Total Old Regions: 0, Total Memory of Old Regions: 0, Estimated Memory to Free: 0
[0.435s][info][gc,task        ] GC(18) Using 2 workers of 2 for full compaction
[0.435s][info][gc,start       ] GC(18) Pause Full (System.gc())
[0.435s][info][gc,phases,start] GC(18) Phase 1: Mark live objects
[0.453s][info][gc,phases      ] GC(18) Phase 1: Mark live objects 17.467ms
[0.453s][info][gc,phases,start] GC(18) Phase 2: Prepare for compaction
[0.455s][info][gc,phases      ] GC(18) Phase 2: Prepare for compaction 2.566ms
[0.455s][info][gc,phases,start] GC(18) Phase 3: Adjust pointers
[0.462s][info][gc,phases      ] GC(18) Phase 3: Adjust pointers 7.119ms
[0.462s][info][gc,phases,start] GC(18) Phase 4: Compact heap
[0.468s][info][gc,phases      ] GC(18) Phase 4: Compact heap 5.751ms
[0.469s][info][gc,heap        ] GC(18) Eden regions: 11->0(14)
[0.469s][info][gc,heap        ] GC(18) Survivor regions: 0->0(1)
[0.469s][info][gc,heap        ] GC(18) Old regions: 73->83
[0.469s][info][gc,heap        ] GC(18) Archive regions: 2->2
[0.469s][info][gc,heap        ] GC(18) Humongous regions: 4->4
[0.469s][info][gc,metaspace   ] GC(18) Metaspace: 930K(1152K)->930K(1152K) NonClass: 843K(960K)->843K(960K) Class: 86K(192K)->86K(192K)
[0.469s][info][gc             ] GC(18) Pause Full (System.gc()) 88M->86M(164M) 33.503ms
[0.469s][info][gc,cpu         ] GC(18) User=0.06s Sys=0.00s Real=0.03s
Operations: 90000
Live objects in old region: 70344
old regions with liveness less than 50%
Total Old Regions: 0, Total Memory of Old Regions: 0, Estimated Memory to Free: 0
old regions with liveness less than 70%
Total Old Regions: 0, Total Memory of Old Regions: 0, Estimated Memory to Free: 0
old regions with liveness less than 90%
Total Old Regions: 0, Total Memory of Old Regions: 0, Estimated Memory to Free: 0
[0.484s][info][gc,task        ] GC(19) Using 2 workers of 2 for full compaction
[0.484s][info][gc,start       ] GC(19) Pause Full (System.gc())
[0.484s][info][gc,phases,start] GC(19) Phase 1: Mark live objects
[0.505s][info][gc,phases      ] GC(19) Phase 1: Mark live objects 21.130ms
[0.505s][info][gc,phases,start] GC(19) Phase 2: Prepare for compaction
[0.510s][info][gc,phases      ] GC(19) Phase 2: Prepare for compaction 4.389ms
[0.510s][info][gc,phases,start] GC(19) Phase 3: Adjust pointers
[0.519s][info][gc,phases      ] GC(19) Phase 3: Adjust pointers 8.833ms
[0.519s][info][gc,phases,start] GC(19) Phase 4: Compact heap
[0.524s][info][gc,phases      ] GC(19) Phase 4: Compact heap 5.789ms
[0.525s][info][gc,heap        ] GC(19) Eden regions: 11->0(14)
[0.525s][info][gc,heap        ] GC(19) Survivor regions: 0->0(1)
[0.525s][info][gc,heap        ] GC(19) Old regions: 83->91
[0.525s][info][gc,heap        ] GC(19) Archive regions: 2->2
[0.525s][info][gc,heap        ] GC(19) Humongous regions: 4->4
[0.525s][info][gc,metaspace   ] GC(19) Metaspace: 930K(1152K)->930K(1152K) NonClass: 843K(960K)->843K(960K) Class: 86K(192K)->86K(192K)
[0.525s][info][gc             ] GC(19) Pause Full (System.gc()) 96M->94M(164M) 40.793ms
[0.525s][info][gc,cpu         ] GC(19) User=0.07s Sys=0.00s Real=0.04s
Operations: 100000
Live objects in old region: 78136
old regions with liveness less than 50%
Total Old Regions: 0, Total Memory of Old Regions: 0, Estimated Memory to Free: 0
old regions with liveness less than 70%
Total Old Regions: 0, Total Memory of Old Regions: 0, Estimated Memory to Free: 0
old regions with liveness less than 90%
Total Old Regions: 0, Total Memory of Old Regions: 0, Estimated Memory to Free: 0
[0.543s][info][gc,task        ] GC(20) Using 2 workers of 2 for full compaction
[0.543s][info][gc,start       ] GC(20) Pause Full (System.gc())
[0.543s][info][gc,phases,start] GC(20) Phase 1: Mark live objects
[0.567s][info][gc,phases      ] GC(20) Phase 1: Mark live objects 23.583ms
[0.567s][info][gc,phases,start] GC(20) Phase 2: Prepare for compaction
[0.570s][info][gc,phases      ] GC(20) Phase 2: Prepare for compaction 3.680ms
[0.570s][info][gc,phases,start] GC(20) Phase 3: Adjust pointers
[0.580s][info][gc,phases      ] GC(20) Phase 3: Adjust pointers 10.209ms
[0.580s][info][gc,phases,start] GC(20) Phase 4: Compact heap
[0.585s][info][gc,phases      ] GC(20) Phase 4: Compact heap 4.977ms
[0.586s][info][gc,heap        ] GC(20) Eden regions: 11->0(14)
[0.586s][info][gc,heap        ] GC(20) Survivor regions: 0->0(1)
[0.586s][info][gc,heap        ] GC(20) Old regions: 91->100
[0.586s][info][gc,heap        ] GC(20) Archive regions: 2->2
[0.586s][info][gc,heap        ] GC(20) Humongous regions: 4->4
[0.586s][info][gc,metaspace   ] GC(20) Metaspace: 931K(1152K)->931K(1152K) NonClass: 844K(960K)->844K(960K) Class: 86K(192K)->86K(192K)
[0.586s][info][gc             ] GC(20) Pause Full (System.gc()) 105M->103M(177M) 43.318ms
[0.586s][info][gc,cpu         ] GC(20) User=0.08s Sys=0.01s Real=0.04s
Operations: 110000
Live objects in old region: 85690
old regions with liveness less than 50%
Total Old Regions: 0, Total Memory of Old Regions: 0, Estimated Memory to Free: 0
old regions with liveness less than 70%
Total Old Regions: 0, Total Memory of Old Regions: 0, Estimated Memory to Free: 0
old regions with liveness less than 90%
Total Old Regions: 0, Total Memory of Old Regions: 0, Estimated Memory to Free: 0
[0.609s][info][gc,task        ] GC(21) Using 2 workers of 2 for full compaction
[0.609s][info][gc,start       ] GC(21) Pause Full (System.gc())
[0.609s][info][gc,phases,start] GC(21) Phase 1: Mark live objects
[0.638s][info][gc,phases      ] GC(21) Phase 1: Mark live objects 29.237ms
[0.638s][info][gc,phases,start] GC(21) Phase 2: Prepare for compaction
[0.642s][info][gc,phases      ] GC(21) Phase 2: Prepare for compaction 3.877ms
[0.642s][info][gc,phases,start] GC(21) Phase 3: Adjust pointers
[0.654s][info][gc,phases      ] GC(21) Phase 3: Adjust pointers 11.246ms
[0.654s][info][gc,phases,start] GC(21) Phase 4: Compact heap
[0.658s][info][gc,phases      ] GC(21) Phase 4: Compact heap 4.103ms
[0.658s][info][gc,heap        ] GC(21) Eden regions: 11->0(14)
[0.658s][info][gc,heap        ] GC(21) Survivor regions: 0->0(1)
[0.658s][info][gc,heap        ] GC(21) Old regions: 100->109
[0.658s][info][gc,heap        ] GC(21) Archive regions: 2->2
[0.658s][info][gc,heap        ] GC(21) Humongous regions: 4->4
[0.658s][info][gc,metaspace   ] GC(21) Metaspace: 932K(1152K)->932K(1152K) NonClass: 845K(960K)->845K(960K) Class: 86K(192K)->86K(192K)
[0.658s][info][gc             ] GC(21) Pause Full (System.gc()) 114M->112M(192M) 49.267ms
[0.658s][info][gc,cpu         ] GC(21) User=0.09s Sys=0.00s Real=0.04s
[0.663s][info][gc,start       ] GC(22) Pause Young (Concurrent Start) (G1 Humongous Allocation)
[0.663s][info][gc,task        ] GC(22) Using 2 workers of 2 for evacuation
[0.667s][info][gc,phases      ] GC(22)   Pre Evacuate Collection Set: 0.0ms
[0.667s][info][gc,phases      ] GC(22)   Merge Heap Roots: 0.1ms
[0.667s][info][gc,phases      ] GC(22)   Evacuate Collection Set: 3.7ms
[0.667s][info][gc,phases      ] GC(22)   Post Evacuate Collection Set: 0.1ms
[0.667s][info][gc,phases      ] GC(22)   Other: 0.1ms
[0.667s][info][gc,heap        ] GC(22) Eden regions: 4->0(15)
[0.667s][info][gc,heap        ] GC(22) Survivor regions: 0->2(2)
[0.667s][info][gc,heap        ] GC(22) Old regions: 109->111
[0.667s][info][gc,

...
Output overflow:
JT Harness has limited the test output to the text
at the beginning and the end, so that you can see how the
test began, and how it completed.

If you need to see more of the output from the test,
set the system property javatest.maxOutputSize to a higher
value. The current value is 100000
...

c,phases      ] GC(43) Phase 2: Prepare for compaction 6.846ms
[2.810s][info][gc,phases,start] GC(43) Phase 3: Adjust pointers
[2.835s][info][gc,phases      ] GC(43) Phase 3: Adjust pointers 25.389ms
[2.835s][info][gc,phases,start] GC(43) Phase 4: Compact heap
[2.841s][info][gc,phases      ] GC(43) Phase 4: Compact heap 6.079ms
[2.842s][info][gc,heap        ] GC(43) Eden regions: 11->0(24)
[2.842s][info][gc,heap        ] GC(43) Survivor regions: 0->0(3)
[2.842s][info][gc,heap        ] GC(43) Old regions: 223->229
[2.842s][info][gc,heap        ] GC(43) Archive regions: 2->2
[2.842s][info][gc,heap        ] GC(43) Humongous regions: 6->6
[2.842s][info][gc,metaspace   ] GC(43) Metaspace: 946K(1152K)->946K(1152K) NonClass: 859K(960K)->859K(960K) Class: 86K(192K)->86K(192K)
[2.842s][info][gc             ] GC(43) Pause Full (System.gc()) 239M->234M(395M) 97.901ms
[2.843s][info][gc,cpu         ] GC(43) User=0.19s Sys=0.00s Real=0.10s
Operations: 300000
Live objects in old region: 198076
old regions with liveness less than 50%
Total Old Regions: 0, Total Memory of Old Regions: 0, Estimated Memory to Free: 0
old regions with liveness less than 70%
Total Old Regions: 0, Total Memory of Old Regions: 0, Estimated Memory to Free: 0
old regions with liveness less than 90%
Total Old Regions: 0, Total Memory of Old Regions: 0, Estimated Memory to Free: 0
[2.883s][info][gc,task        ] GC(44) Using 2 workers of 2 for full compaction
[2.883s][info][gc,start       ] GC(44) Pause Full (System.gc())
[2.883s][info][gc,phases,start] GC(44) Phase 1: Mark live objects
[2.960s][info][gc,phases      ] GC(44) Phase 1: Mark live objects 77.204ms
[2.960s][info][gc,phases,start] GC(44) Phase 2: Prepare for compaction
[2.969s][info][gc,phases      ] GC(44) Phase 2: Prepare for compaction 9.355ms
[2.969s][info][gc,phases,start] GC(44) Phase 3: Adjust pointers
[2.999s][info][gc,phases      ] GC(44) Phase 3: Adjust pointers 29.639ms
[2.999s][info][gc,phases,start] GC(44) Phase 4: Compact heap
[3.010s][info][gc,phases      ] GC(44) Phase 4: Compact heap 10.538ms
[3.011s][info][gc,heap        ] GC(44) Eden regions: 11->0(24)
[3.011s][info][gc,heap        ] GC(44) Survivor regions: 0->0(3)
[3.011s][info][gc,heap        ] GC(44) Old regions: 229->233
[3.011s][info][gc,heap        ] GC(44) Archive regions: 2->2
[3.011s][info][gc,heap        ] GC(44) Humongous regions: 6->6
[3.011s][info][gc,metaspace   ] GC(44) Metaspace: 947K(1152K)->947K(1152K) NonClass: 860K(960K)->860K(960K) Class: 86K(192K)->86K(192K)
[3.011s][info][gc             ] GC(44) Pause Full (System.gc()) 245M->239M(402M) 127.899ms
[3.011s][info][gc,cpu         ] GC(44) User=0.24s Sys=0.00s Real=0.13s
Operations: 310000
Live objects in old region: 202570
old regions with liveness less than 50%
Total Old Regions: 0, Total Memory of Old Regions: 0, Estimated Memory to Free: 0
old regions with liveness less than 70%
Total Old Regions: 0, Total Memory of Old Regions: 0, Estimated Memory to Free: 0
old regions with liveness less than 90%
Total Old Regions: 0, Total Memory of Old Regions: 0, Estimated Memory to Free: 0
[3.051s][info][gc,task        ] GC(45) Using 2 workers of 2 for full compaction
[3.051s][info][gc,start       ] GC(45) Pause Full (System.gc())
[3.051s][info][gc,phases,start] GC(45) Phase 1: Mark live objects
[3.113s][info][gc,phases      ] GC(45) Phase 1: Mark live objects 61.205ms
[3.113s][info][gc,phases,start] GC(45) Phase 2: Prepare for compaction
[3.120s][info][gc,phases      ] GC(45) Phase 2: Prepare for compaction 7.871ms
[3.120s][info][gc,phases,start] GC(45) Phase 3: Adjust pointers
[3.148s][info][gc,phases      ] GC(45) Phase 3: Adjust pointers 27.732ms
[3.148s][info][gc,phases,start] GC(45) Phase 4: Compact heap
[3.156s][info][gc,phases      ] GC(45) Phase 4: Compact heap 7.759ms
[3.157s][info][gc,heap        ] GC(45) Eden regions: 11->0(24)
[3.157s][info][gc,heap        ] GC(45) Survivor regions: 0->0(3)
[3.157s][info][gc,heap        ] GC(45) Old regions: 233->239
[3.157s][info][gc,heap        ] GC(45) Archive regions: 2->2
[3.157s][info][gc,heap        ] GC(45) Humongous regions: 6->6
[3.157s][info][gc,metaspace   ] GC(45) Metaspace: 951K(1152K)->951K(1152K) NonClass: 864K(960K)->864K(960K) Class: 86K(192K)->86K(192K)
[3.157s][info][gc             ] GC(45) Pause Full (System.gc()) 249M->244M(412M) 105.818ms
[3.157s][info][gc,cpu         ] GC(45) User=0.20s Sys=0.00s Real=0.10s
Operations: 320000
Live objects in old region: 206961
old regions with liveness less than 50%
Total Old Regions: 0, Total Memory of Old Regions: 0, Estimated Memory to Free: 0
old regions with liveness less than 70%
Total Old Regions: 0, Total Memory of Old Regions: 0, Estimated Memory to Free: 0
old regions with liveness less than 90%
Total Old Regions: 0, Total Memory of Old Regions: 0, Estimated Memory to Free: 0
[3.198s][info][gc,task        ] GC(46) Using 2 workers of 2 for full compaction
[3.198s][info][gc,start       ] GC(46) Pause Full (System.gc())
[3.198s][info][gc,phases,start] GC(46) Phase 1: Mark live objects
[3.260s][info][gc,phases      ] GC(46) Phase 1: Mark live objects 62.107ms
[3.260s][info][gc,phases,start] GC(46) Phase 2: Prepare for compaction
[3.269s][info][gc,phases      ] GC(46) Phase 2: Prepare for compaction 8.727ms
[3.269s][info][gc,phases,start] GC(46) Phase 3: Adjust pointers
[3.298s][info][gc,phases      ] GC(46) Phase 3: Adjust pointers 29.162ms
[3.298s][info][gc,phases,start] GC(46) Phase 4: Compact heap
[3.306s][info][gc,phases      ] GC(46) Phase 4: Compact heap 7.956ms
[3.308s][info][gc,heap        ] GC(46) Eden regions: 11->0(24)
[3.308s][info][gc,heap        ] GC(46) Survivor regions: 0->0(3)
[3.308s][info][gc,heap        ] GC(46) Old regions: 239->244
[3.308s][info][gc,heap        ] GC(46) Archive regions: 2->2
[3.308s][info][gc,heap        ] GC(46) Humongous regions: 6->6
[3.308s][info][gc,metaspace   ] GC(46) Metaspace: 951K(1152K)->951K(1152K) NonClass: 864K(960K)->864K(960K) Class: 86K(192K)->86K(192K)
[3.308s][info][gc             ] GC(46) Pause Full (System.gc()) 255M->249M(420M) 109.871ms
[3.308s][info][gc,cpu         ] GC(46) User=0.21s Sys=0.00s Real=0.11s
Operations: 330000
Live objects in old region: 211327
old regions with liveness less than 50%
Total Old Regions: 0, Total Memory of Old Regions: 0, Estimated Memory to Free: 0
old regions with liveness less than 70%
Total Old Regions: 0, Total Memory of Old Regions: 0, Estimated Memory to Free: 0
old regions with liveness less than 90%
Total Old Regions: 0, Total Memory of Old Regions: 0, Estimated Memory to Free: 0
[3.355s][info][gc,task        ] GC(47) Using 2 workers of 2 for full compaction
[3.355s][info][gc,start       ] GC(47) Pause Full (System.gc())
[3.355s][info][gc,phases,start] GC(47) Phase 1: Mark live objects
[3.417s][info][gc,phases      ] GC(47) Phase 1: Mark live objects 61.945ms
[3.417s][info][gc,phases,start] GC(47) Phase 2: Prepare for compaction
[3.424s][info][gc,phases      ] GC(47) Phase 2: Prepare for compaction 7.602ms
[3.424s][info][gc,phases,start] GC(47) Phase 3: Adjust pointers
[3.453s][info][gc,phases      ] GC(47) Phase 3: Adjust pointers 28.153ms
[3.453s][info][gc,phases,start] GC(47) Phase 4: Compact heap
[3.460s][info][gc,phases      ] GC(47) Phase 4: Compact heap 7.562ms
[3.461s][info][gc,heap        ] GC(47) Eden regions: 11->0(24)
[3.461s][info][gc,heap        ] GC(47) Survivor regions: 0->0(3)
[3.461s][info][gc,heap        ] GC(47) Old regions: 244->249
[3.461s][info][gc,heap        ] GC(47) Archive regions: 2->2
[3.461s][info][gc,heap        ] GC(47) Humongous regions: 6->6
[3.461s][info][gc,metaspace   ] GC(47) Metaspace: 951K(1152K)->951K(1152K) NonClass: 864K(960K)->864K(960K) Class: 86K(192K)->86K(192K)
[3.461s][info][gc             ] GC(47) Pause Full (System.gc()) 260M->254M(429M) 106.708ms
[3.461s][info][gc,cpu         ] GC(47) User=0.20s Sys=0.00s Real=0.11s
Operations: 340000
Live objects in old region: 215421
old regions with liveness less than 50%
Total Old Regions: 0, Total Memory of Old Regions: 0, Estimated Memory to Free: 0
old regions with liveness less than 70%
Total Old Regions: 0, Total Memory of Old Regions: 0, Estimated Memory to Free: 0
old regions with liveness less than 90%
Total Old Regions: 0, Total Memory of Old Regions: 0, Estimated Memory to Free: 0
[3.504s][info][gc,task        ] GC(48) Using 2 workers of 2 for full compaction
[3.504s][info][gc,start       ] GC(48) Pause Full (System.gc())
[3.504s][info][gc,phases,start] GC(48) Phase 1: Mark live objects
[3.571s][info][gc,phases      ] GC(48) Phase 1: Mark live objects 67.404ms
[3.571s][info][gc,phases,start] GC(48) Phase 2: Prepare for compaction
[3.580s][info][gc,phases      ] GC(48) Phase 2: Prepare for compaction 9.070ms
[3.580s][info][gc,phases,start] GC(48) Phase 3: Adjust pointers
[3.611s][info][gc,phases      ] GC(48) Phase 3: Adjust pointers 30.760ms
[3.611s][info][gc,phases,start] GC(48) Phase 4: Compact heap
[3.620s][info][gc,phases      ] GC(48) Phase 4: Compact heap 9.434ms
[3.622s][info][gc,heap        ] GC(48) Eden regions: 11->0(24)
[3.622s][info][gc,heap        ] GC(48) Survivor regions: 0->0(3)
[3.622s][info][gc,heap        ] GC(48) Old regions: 249->253
[3.622s][info][gc,heap        ] GC(48) Archive regions: 2->2
[3.622s][info][gc,heap        ] GC(48) Humongous regions: 6->6
[3.622s][info][gc,metaspace   ] GC(48) Metaspace: 951K(1152K)->951K(1152K) NonClass: 864K(960K)->864K(960K) Class: 86K(192K)->86K(192K)
[3.622s][info][gc             ] GC(48) Pause Full (System.gc()) 265M->258M(435M) 118.441ms
[3.622s][info][gc,cpu         ] GC(48) User=0.23s Sys=0.00s Real=0.12s
Operations: 350000
Live objects in old region: 219472
old regions with liveness less than 50%
Total Old Regions: 0, Total Memory of Old Regions: 0, Estimated Memory to Free: 0
old regions with liveness less than 70%
Total Old Regions: 0, Total Memory of Old Regions: 0, Estimated Memory to Free: 0
old regions with liveness less than 90%
Total Old Regions: 0, Total Memory of Old Regions: 0, Estimated Memory to Free: 0
[3.665s][info][gc,task        ] GC(49) Using 2 workers of 2 for full compaction
[3.665s][info][gc,start       ] GC(49) Pause Full (System.gc())
[3.665s][info][gc,phases,start] GC(49) Phase 1: Mark live objects
[3.732s][info][gc,phases      ] GC(49) Phase 1: Mark live objects 66.898ms
[3.732s][info][gc,phases,start] GC(49) Phase 2: Prepare for compaction
[3.740s][info][gc,phases      ] GC(49) Phase 2: Prepare for compaction 8.373ms
[3.740s][info][gc,phases,start] GC(49) Phase 3: Adjust pointers
[3.771s][info][gc,phases      ] GC(49) Phase 3: Adjust pointers 30.594ms
[3.771s][info][gc,phases,start] GC(49) Phase 4: Compact heap
[3.779s][info][gc,phases      ] GC(49) Phase 4: Compact heap 8.176ms
[3.780s][info][gc,heap        ] GC(49) Eden regions: 11->0(24)
[3.780s][info][gc,heap        ] GC(49) Survivor regions: 0->0(3)
[3.780s][info][gc,heap        ] GC(49) Old regions: 253->257
[3.780s][info][gc,heap        ] GC(49) Archive regions: 2->2
[3.780s][info][gc,heap        ] GC(49) Humongous regions: 6->6
[3.780s][info][gc,metaspace   ] GC(49) Metaspace: 951K(1152K)->951K(1152K) NonClass: 864K(960K)->864K(960K) Class: 86K(192K)->86K(192K)
[3.780s][info][gc             ] GC(49) Pause Full (System.gc()) 269M->263M(442M) 115.276ms
[3.780s][info][gc,cpu         ] GC(49) User=0.22s Sys=0.00s Real=0.12s
Operations: 360000
Live objects in old region: 223444
old regions with liveness less than 50%
Total Old Regions: 0, Total Memory of Old Regions: 0, Estimated Memory to Free: 0
old regions with liveness less than 70%
Total Old Regions: 0, Total Memory of Old Regions: 0, Estimated Memory to Free: 0
old regions with liveness less than 90%
Total Old Regions: 0, Total Memory of Old Regions: 0, Estimated Memory to Free: 0
[3.823s][info][gc,task        ] GC(50) Using 2 workers of 2 for full compaction
[3.823s][info][gc,start       ] GC(50) Pause Full (System.gc())
[3.823s][info][gc,phases,start] GC(50) Phase 1: Mark live objects
[3.891s][info][gc,phases      ] GC(50) Phase 1: Mark live objects 68.355ms
[3.892s][info][gc,phases,start] GC(50) Phase 2: Prepare for compaction
[3.900s][info][gc,phases      ] GC(50) Phase 2: Prepare for compaction 8.808ms
[3.900s][info][gc,phases,start] GC(50) Phase 3: Adjust pointers
[3.931s][info][gc,phases      ] GC(50) Phase 3: Adjust pointers 31.093ms
[3.931s][info][gc,phases,start] GC(50) Phase 4: Compact heap
[3.941s][info][gc,phases      ] GC(50) Phase 4: Compact heap 9.270ms
[3.942s][info][gc,heap        ] GC(50) Eden regions: 11->0(24)
[3.942s][info][gc,heap        ] GC(50) Survivor regions: 0->0(3)
[3.942s][info][gc,heap        ] GC(50) Old regions: 257->262
[3.942s][info][gc,heap        ] GC(50) Archive regions: 2->2
[3.942s][info][gc,heap        ] GC(50) Humongous regions: 6->6
[3.942s][info][gc,metaspace   ] GC(50) Metaspace: 951K(1152K)->951K(1152K) NonClass: 864K(960K)->864K(960K) Class: 86K(192K)->86K(192K)
[3.942s][info][gc             ] GC(50) Pause Full (System.gc()) 274M->267M(450M) 118.734ms
[3.942s][info][gc,cpu         ] GC(50) User=0.23s Sys=0.00s Real=0.12s
Operations: 370000
Live objects in old region: 227268
old regions with liveness less than 50%
Total Old Regions: 0, Total Memory of Old Regions: 0, Estimated Memory to Free: 0
old regions with liveness less than 70%
Total Old Regions: 0, Total Memory of Old Regions: 0, Estimated Memory to Free: 0
old regions with liveness less than 90%
Total Old Regions: 0, Total Memory of Old Regions: 0, Estimated Memory to Free: 0
[3.986s][info][gc,task        ] GC(51) Using 2 workers of 2 for full compaction
[3.986s][info][gc,start       ] GC(51) Pause Full (System.gc())
[3.986s][info][gc,phases,start] GC(51) Phase 1: Mark live objects
[4.057s][info][gc,phases      ] GC(51) Phase 1: Mark live objects 71.102ms
[4.057s][info][gc,phases,start] GC(51) Phase 2: Prepare for compaction
[4.066s][info][gc,phases      ] GC(51) Phase 2: Prepare for compaction 9.538ms
[4.066s][info][gc,phases,start] GC(51) Phase 3: Adjust pointers
[4.098s][info][gc,phases      ] GC(51) Phase 3: Adjust pointers 31.912ms
[4.098s][info][gc,phases,start] GC(51) Phase 4: Compact heap
[4.108s][info][gc,phases      ] GC(51) Phase 4: Compact heap 9.390ms
[4.109s][info][gc,heap        ] GC(51) Eden regions: 11->0(24)
[4.109s][info][gc,heap        ] GC(51) Survivor regions: 0->0(3)
[4.109s][info][gc,heap        ] GC(51) Old regions: 262->265
[4.109s][info][gc,heap        ] GC(51) Archive regions: 2->2
[4.109s][info][gc,heap        ] GC(51) Humongous regions: 6->6
[4.109s][info][gc,metaspace   ] GC(51) Metaspace: 951K(1152K)->951K(1152K) NonClass: 864K(960K)->864K(960K) Class: 86K(192K)->86K(192K)
[4.109s][info][gc             ] GC(51) Pause Full (System.gc()) 278M->271M(455M) 123.153ms
[4.109s][info][gc,cpu         ] GC(51) User=0.24s Sys=0.00s Real=0.13s
Operations: 380000
Live objects in old region: 231081
old regions with liveness less than 50%
Total Old Regions: 0, Total Memory of Old Regions: 0, Estimated Memory to Free: 0
old regions with liveness less than 70%
Total Old Regions: 0, Total Memory of Old Regions: 0, Estimated Memory to Free: 0
old regions with liveness less than 90%
Total Old Regions: 0, Total Memory of Old Regions: 0, Estimated Memory to Free: 0
[4.160s][info][gc,task        ] GC(52) Using 2 workers of 2 for full compaction
[4.160s][info][gc,start       ] GC(52) Pause Full (System.gc())
[4.160s][info][gc,phases,start] GC(52) Phase 1: Mark live objects
[4.230s][info][gc,phases      ] GC(52) Phase 1: Mark live objects 70.242ms
[4.231s][info][gc,phases,start] GC(52) Phase 2: Prepare for compaction
[4.241s][info][gc,phases      ] GC(52) Phase 2: Prepare for compaction 10.027ms
[4.241s][info][gc,phases,start] GC(52) Phase 3: Adjust pointers
[4.273s][info][gc,phases      ] GC(52) Phase 3: Adjust pointers 32.189ms
[4.273s][info][gc,phases,start] GC(52) Phase 4: Compact heap
[4.282s][info][gc,phases      ] GC(52) Phase 4: Compact heap 9.637ms
[4.284s][info][gc,heap        ] GC(52) Eden regions: 11->0(24)
[4.284s][info][gc,heap        ] GC(52) Survivor regions: 0->0(3)
[4.284s][info][gc,heap        ] GC(52) Old regions: 265->270
[4.284s][info][gc,heap        ] GC(52) Archive regions: 2->2
[4.284s][info][gc,heap        ] GC(52) Humongous regions: 6->6
[4.284s][info][gc,metaspace   ] GC(52) Metaspace: 954K(1152K)->954K(1152K) NonClass: 867K(960K)->867K(960K) Class: 86K(192K)->86K(192K)
[4.284s][info][gc             ] GC(52) Pause Full (System.gc()) 282M->276M(464M) 123.349ms
[4.284s][info][gc,cpu         ] GC(52) User=0.23s Sys=0.00s Real=0.12s
Operations: 390000
Live objects in old region: 234798
old regions with liveness less than 50%
Total Old Regions: 0, Total Memory of Old Regions: 0, Estimated Memory to Free: 0
old regions with liveness less than 70%
Total Old Regions: 0, Total Memory of Old Regions: 0, Estimated Memory to Free: 0
old regions with liveness less than 90%
Total Old Regions: 0, Total Memory of Old Regions: 0, Estimated Memory to Free: 0
[4.331s][info][gc,task        ] GC(53) Using 2 workers of 2 for full compaction
[4.331s][info][gc,start       ] GC(53) Pause Full (System.gc())
[4.331s][info][gc,phases,start] GC(53) Phase 1: Mark live objects
[4.403s][info][gc,phases      ] GC(53) Phase 1: Mark live objects 72.064ms
[4.403s][info][gc,phases,start] GC(53) Phase 2: Prepare for compaction
[4.412s][info][gc,phases      ] GC(53) Phase 2: Prepare for compaction 9.639ms
[4.412s][info][gc,phases,start] GC(53) Phase 3: Adjust pointers
[4.446s][info][gc,phases      ] GC(53) Phase 3: Adjust pointers 33.600ms
[4.446s][info][gc,phases,start] GC(53) Phase 4: Compact heap
[4.457s][info][gc,phases      ] GC(53) Phase 4: Compact heap 10.547ms
[4.458s][info][gc,heap        ] GC(53) Eden regions: 11->0(24)
[4.458s][info][gc,heap        ] GC(53) Survivor regions: 0->0(3)
[4.458s][info][gc,heap        ] GC(53) Old regions: 270->274
[4.458s][info][gc,heap        ] GC(53) Archive regions: 2->2
[4.458s][info][gc,heap        ] GC(53) Humongous regions: 6->6
[4.458s][info][gc,metaspace   ] GC(53) Metaspace: 954K(1152K)->954K(1152K) NonClass: 867K(960K)->867K(960K) Class: 86K(192K)->86K(192K)
[4.458s][info][gc             ] GC(53) Pause Full (System.gc()) 287M->279M(468M) 127.126ms
[4.458s][info][gc,cpu         ] GC(53) User=0.25s Sys=0.00s Real=0.12s
Operations: 400000
Live objects in old region: 238310
old regions with liveness less than 50%
Total Old Regions: 0, Total Memory of Old Regions: 0, Estimated Memory to Free: 0
old regions with liveness less than 70%
Total Old Regions: 0, Total Memory of Old Regions: 0, Estimated Memory to Free: 0
old regions with liveness less than 90%
Total Old Regions: 0, Total Memory of Old Regions: 0, Estimated Memory to Free: 0
[4.505s][info][gc,task        ] GC(54) Using 2 workers of 2 for full compaction
[4.505s][info][gc,start       ] GC(54) Pause Full (System.gc())
[4.505s][info][gc,phases,start] GC(54) Phase 1: Mark live objects
[4.579s][info][gc,phases      ] GC(54) Phase 1: Mark live objects 73.521ms
[4.579s][info][gc,phases,start] GC(54) Phase 2: Prepare for compaction
[4.588s][info][gc,phases      ] GC(54) Phase 2: Prepare for compaction 9.025ms
[4.588s][info][gc,phases,start] GC(54) Phase 3: Adjust pointers
[4.621s][info][gc,phases      ] GC(54) Phase 3: Adjust pointers 33.211ms
[4.621s][info][gc,phases,start] GC(54) Phase 4: Compact heap
[4.630s][info][gc,phases      ] GC(54) Phase 4: Compact heap 8.925ms
[4.631s][info][gc,heap        ] GC(54) Eden regions: 11->0(24)
[4.631s][info][gc,heap        ] GC(54) Survivor regions: 0->0(3)
[4.631s][info][gc,heap        ] GC(54) Old regions: 274->279
[4.631s][info][gc,heap        ] GC(54) Archive regions: 2->2
[4.631s][info][gc,heap        ] GC(54) Humongous regions: 6->6
[4.631s][info][gc,metaspace   ] GC(54) Metaspace: 954K(1152K)->954K(1152K) NonClass: 867K(960K)->867K(960K) Class: 86K(192K)->86K(192K)
[4.631s][info][gc             ] GC(54) Pause Full (System.gc()) 290M->284M(468M) 125.838ms
[4.631s][info][gc,cpu         ] GC(54) User=0.24s Sys=0.00s Real=0.13s
Operations: 410000
Live objects in old region: 241873
old regions with liveness less than 50%
Total Old Regions: 0, Total Memory of Old Regions: 0, Estimated Memory to Free: 0
old regions with liveness less than 70%
Total Old Regions: 0, Total Memory of Old Regions: 0, Estimated Memory to Free: 0
old regions with liveness less than 90%
Total Old Regions: 0, Total Memory of Old Regions: 0, Estimated Memory to Free: 0
[4.676s][info][gc,task        ] GC(55) Using 2 workers of 2 for full compaction
[4.676s][info][gc,start       ] GC(55) Pause Full (System.gc())
[4.676s][info][gc,phases,start] GC(55) Phase 1: Mark live objects
[4.750s][info][gc,phases      ] GC(55) Phase 1: Mark live objects 73.663ms
[4.750s][info][gc,phases,start] GC(55) Phase 2: Prepare for compaction
[4.759s][info][gc,phases      ] GC(55) Phase 2: Prepare for compaction 9.611ms
[4.759s][info][gc,phases,start] GC(55) Phase 3: Adjust pointers
[4.794s][info][gc,phases      ] GC(55) Phase 3: Adjust pointers 34.149ms
[4.794s][info][gc,phases,start] GC(55) Phase 4: Compact heap
[4.804s][info][gc,phases      ] GC(55) Phase 4: Compact heap 9.907ms
[4.805s][info][gc,heap        ] GC(55) Eden regions: 11->0(24)
[4.805s][info][gc,heap        ] GC(55) Survivor regions: 0->0(3)
[4.805s][info][gc,heap        ] GC(55) Old regions: 279->282
[4.805s][info][gc,heap        ] GC(55) Archive regions: 2->2
[4.805s][info][gc,heap        ] GC(55) Humongous regions: 6->6
[4.805s][info][gc,metaspace   ] GC(55) Metaspace: 954K(1152K)->954K(1152K) NonClass: 867K(960K)->867K(960K) Class: 86K(192K)->86K(192K)
[4.805s][info][gc             ] GC(55) Pause Full (System.gc()) 295M->288M(468M) 128.488ms
[4.805s][info][gc,cpu         ] GC(55) User=0.25s Sys=0.00s Real=0.13s
Operations: 420000
Live objects in old region: 245264
old regions with liveness less than 50%
Total Old Regions: 0, Total Memory of Old Regions: 0, Estimated Memory to Free: 0
old regions with liveness less than 70%
Total Old Regions: 0, Total Memory of Old Regions: 0, Estimated Memory to Free: 0
old regions with liveness less than 90%
Total Old Regions: 0, Total Memory of Old Regions: 0, Estimated Memory to Free: 0
[4.850s][info][gc,task        ] GC(56) Using 2 workers of 2 for full compaction
[4.850s][info][gc,start       ] GC(56) Pause Full (System.gc())
[4.850s][info][gc,phases,start] GC(56) Phase 1: Mark live objects
[4.925s][info][gc,phases      ] GC(56) Phase 1: Mark live objects 74.617ms
[4.925s][info][gc,phases,start] GC(56) Phase 2: Prepare for compaction
[4.935s][info][gc,phases      ] GC(56) Phase 2: Prepare for compaction 9.958ms
[4.935s][info][gc,phases,start] GC(56) Phase 3: Adjust pointers
[4.970s][info][gc,phases      ] GC(56) Phase 3: Adjust pointers 35.043ms
[4.970s][info][gc,phases,start] GC(56) Phase 4: Compact heap
[4.980s][info][gc,phases      ] GC(56) Phase 4: Compact heap 10.132ms
[4.981s][info][gc,heap        ] GC(56) Eden regions: 11->0(24)
[4.981s][info][gc,heap        ] GC(56) Survivor regions: 0->0(3)
[4.981s][info][gc,heap        ] GC(56) Old regions: 282->286
[4.981s][info][gc,heap        ] GC(56) Archive regions: 2->2
[4.981s][info][gc,heap        ] GC(56) Humongous regions: 6->6
[4.981s][info][gc,metaspace   ] GC(56) Metaspace: 954K(1152K)->954K(1152K) NonClass: 867K(960K)->867K(960K) Class: 86K(192K)->86K(192K)
[4.981s][info][gc             ] GC(56) Pause Full (System.gc()) 299M->291M(468M) 130.875ms
[4.981s][info][gc,cpu         ] GC(56) User=0.26s Sys=0.00s Real=0.13s
Operations: 430000
Live objects in old region: 248488
old regions with liveness less than 50%
Total Old Regions: 0, Total Memory of Old Regions: 0, Estimated Memory to Free: 0
old regions with liveness less than 70%
Total Old Regions: 0, Total Memory of Old Regions: 0, Estimated Memory to Free: 0
old regions with liveness less than 90%
Total Old Regions: 0, Total Memory of Old Regions: 0, Estimated Memory to Free: 0
[5.026s][info][gc,task        ] GC(57) Using 2 workers of 2 for full compaction
[5.026s][info][gc,start       ] GC(57) Pause Full (System.gc())
[5.026s][info][gc,phases,start] GC(57) Phase 1: Mark live objects
[5.101s][info][gc,phases      ] GC(57) Phase 1: Mark live objects 74.883ms
[5.101s][info][gc,phases,start] GC(57) Phase 2: Prepare for compaction
[5.109s][info][gc,phases      ] GC(57) Phase 2: Prepare for compaction 8.443ms
[5.109s][info][gc,phases,start] GC(57) Phase 3: Adjust pointers
[5.147s][info][gc,phases      ] GC(57) Phase 3: Adjust pointers 37.516ms
[5.147s][info][gc,phases,start] GC(57) Phase 4: Compact heap
[5.155s][info][gc,phases      ] GC(57) Phase 4: Compact heap 8.114ms
[5.156s][info][gc,heap        ] GC(57) Eden regions: 11->0(24)
[5.156s][info][gc,heap        ] GC(57) Survivor regions: 0->0(3)
[5.156s][info][gc,heap        ] GC(57) Old regions: 286->290
[5.156s][info][gc,heap        ] GC(57) Archive regions: 2->2
[5.156s][info][gc,heap        ] GC(57) Humongous regions: 6->6
[5.156s][info][gc,metaspace   ] GC(57) Metaspace: 954K(1152K)->954K(1152K) NonClass: 867K(960K)->867K(960K) Class: 86K(192K)->86K(192K)
[5.156s][info][gc             ] GC(57) Pause Full (System.gc()) 302M->295M(468M) 130.049ms
[5.156s][info][gc,cpu         ] GC(57) User=0.25s Sys=0.00s Real=0.13s
Operations: 440000
Live objects in old region: 251656
old regions with liveness less than 50%
Total Old Regions: 0, Total Memory of Old Regions: 0, Estimated Memory to Free: 0
old regions with liveness less than 70%
Total Old Regions: 0, Total Memory of Old Regions: 0, Estimated Memory to Free: 0
old regions with liveness less than 90%
Total Old Regions: 0, Total Memory of Old Regions: 0, Estimated Memory to Free: 0
[5.202s][info][gc,task        ] GC(58) Using 2 workers of 2 for full compaction
[5.202s][info][gc,start       ] GC(58) Pause Full (System.gc())
[5.202s][info][gc,phases,start] GC(58) Phase 1: Mark live objects
[5.279s][info][gc,phases      ] GC(58) Phase 1: Mark live objects 77.139ms
[5.279s][info][gc,phases,start] GC(58) Phase 2: Prepare for compaction
[5.293s][info][gc,phases      ] GC(58) Phase 2: Prepare for compaction 13.536ms
[5.293s][info][gc,phases,start] GC(58) Phase 3: Adjust pointers
[5.333s][info][gc,phases      ] GC(58) Phase 3: Adjust pointers 40.389ms
[5.333s][info][gc,phases,start] GC(58) Phase 4: Compact heap
[5.350s][info][gc,phases      ] GC(58) Phase 4: Compact heap 16.234ms
[5.351s][info][gc,heap        ] GC(58) Eden regions: 11->0(24)
[5.351s][info][gc,heap        ] GC(58) Survivor regions: 0->0(3)
[5.351s][info][gc,heap        ] GC(58) Old regions: 290->293
[5.351s][info][gc,heap        ] GC(58) Archive regions: 2->2
[5.351s][info][gc,heap        ] GC(58) Humongous regions: 6->6
[5.351s][info][gc,metaspace   ] GC(58) Metaspace: 954K(1152K)->954K(1152K) NonClass: 867K(960K)->867K(960K) Class: 86K(192K)->86K(192K)
[5.351s][info][gc             ] GC(58) Pause Full (System.gc()) 306M->298M(468M) 148.435ms
[5.351s][info][gc,cpu         ] GC(58) User=0.28s Sys=0.01s Real=0.15s
Operations: 450000
Live objects in old region: 254734
old regions with liveness less than 50%
Total Old Regions: 0, Total Memory of Old Regions: 0, Estimated Memory to Free: 0
old regions with liveness less than 70%
Total Old Regions: 0, Total Memory of Old Regions: 0, Estimated Memory to Free: 0
old regions with liveness less than 90%
Total Old Regions: 0, Total Memory of Old Regions: 0, Estimated Memory to Free: 0
[5.403s][info][gc,task        ] GC(59) Using 2 workers of 2 for full compaction
[5.403s][info][gc,start       ] GC(59) Pause Full (System.gc())
[5.403s][info][gc,phases,start] GC(59) Phase 1: Mark live objects
[5.483s][info][gc,phases      ] GC(59) Phase 1: Mark live objects 79.927ms
[5.483s][info][gc,phases,start] GC(59) Phase 2: Prepare for compaction
[5.492s][info][gc,phases      ] GC(59) Phase 2: Prepare for compaction 9.150ms
[5.492s][info][gc,phases,start] GC(59) Phase 3: Adjust pointers
[5.528s][info][gc,phases      ] GC(59) Phase 3: Adjust pointers 35.963ms
[5.528s][info][gc,phases,start] GC(59) Phase 4: Compact heap
[5.539s][info][gc,phases      ] GC(59) Phase 4: Compact heap 10.529ms
[5.540s][info][gc,heap        ] GC(59) Eden regions: 11->0(24)
[5.540s][info][gc,heap        ] GC(59) Survivor regions: 0->0(3)
[5.540s][info][gc,heap        ] GC(59) Old regions: 293->297
[5.540s][info][gc,heap        ] GC(59) Archive regions: 2->2
[5.540s][info][gc,heap        ] GC(59) Humongous regions: 6->6
[5.540s][info][gc,metaspace   ] GC(59) Metaspace: 954K(1152K)->954K(1152K) NonClass: 867K(960K)->867K(960K) Class: 86K(192K)->86K(192K)
[5.540s][info][gc             ] GC(59) Pause Full (System.gc()) 309M->302M(468M) 136.765ms
[5.540s][info][gc,cpu         ] GC(59) User=0.27s Sys=0.00s Real=0.14s
Operations: 460000
Live objects in old region: 257757
old regions with liveness less than 50%
Total Old Regions: 0, Total Memory of Old Regions: 0, Estimated Memory to Free: 0
old regions with liveness less than 70%
Total Old Regions: 0, Total Memory of Old Regions: 0, Estimated Memory to Free: 0
old regions with liveness less than 90%
Total Old Regions: 0, Total Memory of Old Regions: 0, Estimated Memory to Free: 0
[5.591s][info][gc,task        ] GC(60) Using 2 workers of 2 for full compaction
[5.591s][info][gc,start       ] GC(60) Pause Full (System.gc())
[5.591s][info][gc,phases,start] GC(60) Phase 1: Mark live objects
[5.670s][info][gc,phases      ] GC(60) Phase 1: Mark live objects 79.342ms
[5.670s][info][gc,phases,start] GC(60) Phase 2: Prepare for compaction
[5.687s][info][gc,phases      ] GC(60) Phase 2: Prepare for compaction 17.140ms
[5.687s][info][gc,phases,start] GC(60) Phase 3: Adjust pointers
[5.733s][info][gc,phases      ] GC(60) Phase 3: Adjust pointers 46.049ms
[5.733s][info][gc,phases,start] GC(60) Phase 4: Compact heap
[5.751s][info][gc,phases      ] GC(60) Phase 4: Compact heap 17.232ms
[5.752s][info][gc,heap        ] GC(60) Eden regions: 11->0(24)
[5.752s][info][gc,heap        ] GC(60) Survivor regions: 0->0(3)
[5.752s][info][gc,heap        ] GC(60) Old regions: 297->300
[5.752s][info][gc,heap        ] GC(60) Archive regions: 2->2
[5.752s][info][gc,heap        ] GC(60) Humongous regions: 6->6
[5.752s][info][gc,metaspace   ] GC(60) Metaspace: 954K(1152K)->954K(1152K) NonClass: 867K(960K)->867K(960K) Class: 86K(192K)->86K(192K)
[5.752s][info][gc             ] GC(60) Pause Full (System.gc()) 313M->306M(468M) 160.966ms
[5.752s][info][gc,cpu         ] GC(60) User=0.27s Sys=0.00s Real=0.16s
Operations: 470000
Live objects in old region: 260768
old regions with liveness less than 50%
Total Old Regions: 0, Total Memory of Old Regions: 0, Estimated Memory to Free: 0
old regions with liveness less than 70%
Total Old Regions: 0, Total Memory of Old Regions: 0, Estimated Memory to Free: 0
old regions with liveness less than 90%
Total Old Regions: 0, Total Memory of Old Regions: 0, Estimated Memory to Free: 0
[5.804s][info][gc,task        ] GC(61) Using 2 workers of 2 for full compaction
[5.804s][info][gc,start       ] GC(61) Pause Full (System.gc())
[5.804s][info][gc,phases,start] GC(61) Phase 1: Mark live objects
[5.893s][info][gc,phases      ] GC(61) Phase 1: Mark live objects 89.174ms
[5.893s][info][gc,phases,start] GC(61) Phase 2: Prepare for compaction
[5.905s][info][gc,phases      ] GC(61) Phase 2: Prepare for compaction 11.766ms
[5.905s][info][gc,phases,start] GC(61) Phase 3: Adjust pointers
[5.948s][info][gc,phases      ] GC(61) Phase 3: Adjust pointers 42.397ms
[5.948s][info][gc,phases,start] GC(61) Phase 4: Compact heap
[5.959s][info][gc,phases      ] GC(61) Phase 4: Compact heap 11.585ms
[5.960s][info][gc,heap        ] GC(61) Eden regions: 11->0(24)
[5.960s][info][gc,heap        ] GC(61) Survivor regions: 0->0(3)
[5.960s][info][gc,heap        ] GC(61) Old regions: 300->303
[5.960s][info][gc,heap        ] GC(61) Archive regions: 2->2
[5.960s][info][gc,heap        ] GC(61) Humongous regions: 6->6
[5.960s][info][gc,metaspace   ] GC(61) Metaspace: 957K(1152K)->957K(1152K) NonClass: 870K(960K)->870K(960K) Class: 86K(192K)->86K(192K)
[5.960s][info][gc             ] GC(61) Pause Full (System.gc()) 317M->308M(468M) 156.046ms
[5.960s][info][gc,cpu         ] GC(61) User=0.29s Sys=0.00s Real=0.16s
Operations: 480000
Live objects in old region: 263550
old regions with liveness less than 50%
Total Old Regions: 0, Total Memory of Old Regions: 0, Estimated Memory to Free: 0
old regions with liveness less than 70%
Total Old Regions: 0, Total Memory of Old Regions: 0, Estimated Memory to Free: 0
old regions with liveness less than 90%
Total Old Regions: 0, Total Memory of Old Regions: 0, Estimated Memory to Free: 0
[6.013s][info][gc,task        ] GC(62) Using 2 workers of 2 for full compaction
[6.013s][info][gc,start       ] GC(62) Pause Full (System.gc())
[6.013s][info][gc,phases,start] GC(62) Phase 1: Mark live objects
[6.175s][info][gc,phases      ] GC(62) Phase 1: Mark live objects 161.970ms
[6.175s][info][gc,phases,start] GC(62) Phase 2: Prepare for compaction
[6.190s][info][gc,phases      ] GC(62) Phase 2: Prepare for compaction 15.032ms
[6.190s][info][gc,phases,start] GC(62) Phase 3: Adjust pointers
[6.229s][info][gc,phases      ] GC(62) Phase 3: Adjust pointers 38.466ms
[6.229s][info][gc,phases,start] GC(62) Phase 4: Compact heap
[6.243s][info][gc,phases      ] GC(62) Phase 4: Compact heap 14.084ms
[6.244s][info][gc,heap        ] GC(62) Eden regions: 11->0(24)
[6.244s][info][gc,heap        ] GC(62) Survivor regions: 0->0(3)
[6.244s][info][gc,heap        ] GC(62) Old regions: 303->306
[6.244s][info][gc,heap        ] GC(62) Archive regions: 2->2
[6.244s][info][gc,heap        ] GC(62) Humongous regions: 6->6
[6.244s][info][gc,metaspace   ] GC(62) Metaspace: 973K(1152K)->973K(1152K) NonClass: 887K(960K)->887K(960K) Class: 86K(192K)->86K(192K)
[6.244s][info][gc             ] GC(62) Pause Full (System.gc()) 319M->312M(468M) 230.749ms
[6.244s][info][gc,cpu         ] GC(62) User=0.29s Sys=0.00s Real=0.23s
Operations: 490000
Live objects in old region: 266418
old regions with liveness less than 50%
Total Old Regions: 0, Total Memory of Old Regions: 0, Estimated Memory to Free: 0
old regions with liveness less than 70%
Total Old Regions: 0, Total Memory of Old Regions: 0, Estimated Memory to Free: 0
old regions with liveness less than 90%
Total Old Regions: 0, Total Memory of Old Regions: 0, Estimated Memory to Free: 0
[6.295s][info][gc,task        ] GC(63) Using 2 workers of 2 for full compaction
[6.295s][info][gc,start       ] GC(63) Pause Full (System.gc())
[6.295s][info][gc,phases,start] GC(63) Phase 1: Mark live objects
[6.382s][info][gc,phases      ] GC(63) Phase 1: Mark live objects 86.558ms
[6.382s][info][gc,phases,start] GC(63) Phase 2: Prepare for compaction
[6.393s][info][gc,phases      ] GC(63) Phase 2: Prepare for compaction 11.611ms
[6.393s][info][gc,phases,start] GC(63) Phase 3: Adjust pointers
[6.433s][info][gc,phases      ] GC(63) Phase 3: Adjust pointers 39.908ms
[6.433s][info][gc,phases,start] GC(63) Phase 4: Compact heap
[6.445s][info][gc,phases      ] GC(63) Phase 4: Compact heap 11.880ms
[6.446s][info][gc,heap        ] GC(63) Eden regions: 11->0(24)
[6.447s][info][gc,heap        ] GC(63) Survivor regions: 0->0(3)
[6.447s][info][gc,heap        ] GC(63) Old regions: 306->309
[6.447s][info][gc,heap        ] GC(63) Archive regions: 2->2
[6.447s][info][gc,heap        ] GC(63) Humongous regions: 6->6
[6.447s][info][gc,metaspace   ] GC(63) Metaspace: 973K(1152K)->973K(1152K) NonClass: 887K(960K)->887K(960K) Class: 86K(192K)->86K(192K)
[6.447s][info][gc             ] GC(63) Pause Full (System.gc()) 322M->314M(468M) 151.334ms
[6.447s][info][gc,cpu         ] GC(63) User=0.30s Sys=0.00s Real=0.15s
Operations: 500000
Live objects in old region: 269244
old regions with liveness less than 50%
Total Old Regions: 0, Total Memory of Old Regions: 0, Estimated Memory to Free: 0
old regions with liveness less than 70%
Total Old Regions: 0, Total Memory of Old Regions: 0, Estimated Memory to Free: 0
old regions with liveness less than 90%
Total Old Regions: 0, Total Memory of Old Regions: 0, Estimated Memory to Free: 0
[6.497s][info][gc,task        ] GC(64) Using 2 workers of 2 for full compaction
[6.497s][info][gc,start       ] GC(64) Pause Full (System.gc())
[6.497s][info][gc,phases,start] GC(64) Phase 1: Mark live objects
[6.584s][info][gc,phases      ] GC(64) Phase 1: Mark live objects 87.358ms
[6.584s][info][gc,phases,start] GC(64) Phase 2: Prepare for compaction
[6.595s][info][gc,phases      ] GC(64) Phase 2: Prepare for compaction 10.441ms
[6.595s][info][gc,phases,start] GC(64) Phase 3: Adjust pointers
[6.634s][info][gc,phases      ] GC(64) Phase 3: Adjust pointers 39.401ms
[6.634s][info][gc,phases,start] GC(64) Phase 4: Compact heap
[6.644s][info][gc,phases      ] GC(64) Phase 4: Compact heap 10.119ms
[6.645s][info][gc,heap        ] GC(64) Eden regions: 11->0(24)
[6.645s][info][gc,heap        ] GC(64) Survivor regions: 0->0(3)
[6.645s][info][gc,heap        ] GC(64) Old regions: 309->313
[6.645s][info][gc,heap        ] GC(64) Archive regions: 2->2
[6.645s][info][gc,heap        ] GC(64) Humongous regions: 6->6
[6.645s][info][gc,metaspace   ] GC(64) Metaspace: 973K(1152K)->973K(1152K) NonClass: 887K(960K)->887K(960K) Class: 86K(192K)->86K(192K)
[6.645s][info][gc             ] GC(64) Pause Full (System.gc()) 325M->318M(468M) 148.449ms
[6.645s][info][gc,cpu         ] GC(64) User=0.30s Sys=0.00s Real=0.15s
Operations: 510000
Live objects in old region: 271931
old regions with liveness less than 50%
Total Old Regions: 0, Total Memory of Old Regions: 0, Estimated Memory to Free: 0
old regions with liveness less than 70%
Total Old Regions: 0, Total Memory of Old Regions: 0, Estimated Memory to Free: 0
old regions with liveness less than 90%
Total Old Regions: 0, Total Memory of Old Regions: 0, Estimated Memory to Free: 0
[6.698s][info][gc,task        ] GC(65) Using 2 workers of 2 for full compaction
[6.698s][info][gc,start       ] GC(65) Pause Full (System.gc())
[6.698s][info][gc,phases,start] GC(65) Phase 1: Mark live objects
[6.787s][info][gc,phases      ] GC(65) Phase 1: Mark live objects 89.412ms
[6.787s][info][gc,phases,start] GC(65) Phase 2: Prepare for compaction
[6.799s][info][gc,phases      ] GC(65) Phase 2: Prepare for compaction 12.076ms
[6.799s][info][gc,phases,start] GC(65) Phase 3: Adjust pointers
[6.840s][info][gc,phases      ] GC(65) Phase 3: Adjust pointers 40.397ms
[6.840s][info][gc,phases,start] GC(65) Phase 4: Compact heap
[6.851s][info][gc,phases      ] GC(65) Phase 4: Compact heap 11.637ms
[6.852s][info][gc,heap        ] GC(65) Eden regions: 11->0(24)
[6.852s][info][gc,heap        ] GC(65) Survivor regions: 0->0(3)
[6.852s][info][gc,heap        ] GC(65) Old regions: 313->316
[6.852s][info][gc,heap        ] GC(65) Archive regions: 2->2
[6.852s][info][gc,heap        ] GC(65) Humongous regions: 6->6
[6.852s][info][gc,metaspace   ] GC(65) Metaspace: 973K(1152K)->973K(1152K) NonClass: 887K(960K)->887K(960K) Class: 86K(192K)->86K(192K)
[6.852s][info][gc             ] GC(65) Pause Full (System.gc()) 329M->321M(468M) 154.651ms
[6.853s][info][gc,cpu         ] GC(65) User=0.30s Sys=0.00s Real=0.16s
Operations: 520000
Live objects in old region: 274623
old regions with liveness less than 50%
Total Old Regions: 0, Total Memory of Old Regions: 0, Estimated Memory to Free: 0
old regions with liveness less than 70%
Total Old Regions: 0, Total Memory of Old Regions: 0, Estimated Memory to Free: 0
old regions with liveness less than 90%
Total Old Regions: 0, Total Memory of Old Regions: 0, Estimated Memory to Free: 0
[6.906s][info][gc,task        ] GC(66) Using 2 workers of 2 for full compaction
[6.906s][info][gc,start       ] GC(66) Pause Full (System.gc())
[6.906s][info][gc,phases,start] GC(66) Phase 1: Mark live objects
[6.997s][info][gc,phases      ] GC(66) Phase 1: Mark live objects 90.691ms
[6.997s][info][gc,phases,start] GC(66) Phase 2: Prepare for compaction
[7.008s][info][gc,phases      ] GC(66) Phase 2: Prepare for compaction 10.848ms
[7.008s][info][gc,phases,start] GC(66) Phase 3: Adjust pointers
[7.049s][info][gc,phases      ] GC(66) Phase 3: Adjust pointers 40.855ms
[7.049s][info][gc,phases,start] GC(66) Phase 4: Compact heap
[7.060s][info][gc,phases      ] GC(66) Phase 4: Compact heap 11.063ms
[7.061s][info][gc,heap        ] GC(66) Eden regions: 11->0(24)
[7.061s][info][gc,heap        ] GC(66) Survivor regions: 0->0(3)
[7.061s][info][gc,heap        ] GC(66) Old regions: 316->318
[7.061s][info][gc,heap        ] GC(66) Archive regions: 2->2
[7.061s][info][gc,heap        ] GC(66) Humongous regions: 6->6
[7.061s][info][gc,metaspace   ] GC(66) Metaspace: 973K(1152K)->973K(1152K) NonClass: 887K(960K)->887K(960K) Class: 86K(192K)->86K(192K)
[7.061s][info][gc             ] GC(66) Pause Full (System.gc()) 332M->324M(468M) 154.628ms
[7.061s][info][gc,cpu         ] GC(66) User=0.30s Sys=0.00s Real=0.16s
Final check:
Live objects in old region: 279167
[7.111s][info][gc,heap,exit   ] Heap
[7.111s][info][gc,heap,exit   ]  garbage-first heap   total 479232K, used 340288K [0x00000000e2c00000, 0x0000000100000000)
[7.111s][info][gc,heap,exit   ]   region size 1024K, 8 young (8192K), 0 survivors (0K)
[7.111s][info][gc,heap,exit   ]  Metaspace       used 984K, committed 1152K, reserved 1114112K
[7.111s][info][gc,heap,exit   ]   class space    used 86K, committed 192K, reserved 1048576K
----------System.err:(1/15)----------
STATUS:Passed.
----------rerun:(40/2705)*----------
cd /root/TencentKona-17/test/hotspot/jtreg/gc/g1/JTwork/scratch && \\
DBUS_SESSION_BUS_ADDRESS=unix:path=/run/user/0/bus \\
HOME=/root \\
LANG=en_US.UTF-8 \\
PATH=/bin:/usr/bin:/usr/sbin \\
XDG_DATA_DIRS=/root/.local/share/flatpak/exports/share:/var/lib/flatpak/exports/share:/usr/local/share:/usr/share \\
XDG_RUNTIME_DIR=/run/user/0 \\
XDG_SESSION_ID=3 \\
CLASSPATH=/root/TencentKona-17/test/hotspot/jtreg/gc/g1/JTwork/classes/gc/g1/TestG1GCByLRUCache.d:/root/TencentKona-17/test/hotspot/jtreg/gc/g1:/root/TencentKona-17/test/hotspot/jtreg/gc/g1/JTwork/classes/test/lib:/root/TencentKona-17/test/lib:/root/jtreg/lib/javatest.jar:/root/jtreg/lib/jtreg.jar \\
    /root/jdk/TencentKona-17.0.11.b1/bin/java \\
        -Dtest.vm.opts='-Xbootclasspath/a:/root/TencentKona-17/test/hotspot/jtreg/gc/g1 -XX:+UnlockDiagnosticVMOptions -XX:+WhiteBoxAPI -XX:+UseG1GC -Xlog:gc* -Xlog:gc:g1gc.log' \\
        -Dtest.tool.vm.opts='-J-Xbootclasspath/a:/root/TencentKona-17/test/hotspot/jtreg/gc/g1 -J-XX:+UnlockDiagnosticVMOptions -J-XX:+WhiteBoxAPI -J-XX:+UseG1GC -J-Xlog:gc* -J-Xlog:gc:g1gc.log' \\
        -Dtest.compiler.opts= \\
        -Dtest.java.opts= \\
        -Dtest.jdk=/root/jdk/TencentKona-17.0.11.b1 \\
        -Dcompile.jdk=/root/jdk/TencentKona-17.0.11.b1 \\
        -Dtest.timeout.factor=1.0 \\
        -Dtest.root=/root/TencentKona-17/test/hotspot/jtreg \\
        -Dtest.name=gc/g1/TestG1GCByLRUCache.java \\
        -Dtest.file=/root/TencentKona-17/test/hotspot/jtreg/gc/g1/TestG1GCByLRUCache.java \\
        -Dtest.src=/root/TencentKona-17/test/hotspot/jtreg/gc/g1 \\
        -Dtest.src.path=/root/TencentKona-17/test/hotspot/jtreg/gc/g1:/root/TencentKona-17/test/lib \\
        -Dtest.classes=/root/TencentKona-17/test/hotspot/jtreg/gc/g1/JTwork/classes/gc/g1/TestG1GCByLRUCache.d \\
        -Dtest.class.path=/root/TencentKona-17/test/hotspot/jtreg/gc/g1/JTwork/classes/gc/g1/TestG1GCByLRUCache.d:/root/TencentKona-17/test/hotspot/jtreg/gc/g1/JTwork/classes/test/lib \\
        -Dtest.modules='java.base/jdk.internal.misc java.management' \\
        --add-modules java.base,java.management \\
        --add-exports java.base/jdk.internal.misc=ALL-UNNAMED \\
        -Xbootclasspath/a:/root/TencentKona-17/test/hotspot/jtreg/gc/g1 \\
        -XX:+UnlockDiagnosticVMOptions \\
        -XX:+WhiteBoxAPI \\
        -XX:+UseG1GC \\
        -Xlog:gc* \\
        -Xlog:gc:g1gc.log \\
        -Xbootclasspath/a:. \\
        -XX:+UnlockDiagnosticVMOptions \\
        -XX:+WhiteBoxAPI \\
        -XX:+UseG1GC \\
        -Xlog:gc* \\
        -Xlog:gc:g1gc.log \\
        com.sun.javatest.regtest.agent.MainWrapper /root/TencentKona-17/test/hotspot/jtreg/gc/g1/JTwork/gc/g1/TestG1GCByLRUCache.d/main.2.jta
result: Passed. Execution successful


test result: Passed. Execution successful

