## 调用whitebox api 通过模拟LRU cache观察老年代region的情况
**下面是jtreg的命令行**
```
jtreg -jdk:/root/jdk/TencentKona-17.0.11.b1 -Xbootclasspath/a:. -XX:+UnlockDiagnosticVMOptions -XX:+WhiteBoxAPI -XX:+UseG1GC -Xlog:gc* -Xlog:gc:g1gc.log TestG1GCByLRUCache.java
```

### 以下为对一次mixed gc日志的分析
```log
[0.347s][info][gc,start       ] GC(13) Pause Young (Mixed) (G1 Evacuation Pause)
[0.347s][info][gc,task        ] GC(13) Using 2 workers of 2 for evacuation
[0.357s][info][gc,phases      ] GC(13)   Pre Evacuate Collection Set: 0.1ms
[0.357s][info][gc,phases      ] GC(13)   Merge Heap Roots: 0.3ms
[0.357s][info][gc,phases      ] GC(13)   Evacuate Collection Set: 9.5ms
[0.357s][info][gc,phases      ] GC(13)   Post Evacuate Collection Set: 0.2ms
[0.357s][info][gc,phases      ] GC(13)   Other: 0.1ms
[0.357s][info][gc,heap        ] GC(13) Eden regions: 5->0(16)
[0.357s][info][gc,heap        ] GC(13) Survivor regions: 6->2(2)
[0.357s][info][gc,heap        ] GC(13) Old regions: 95->104
[0.357s][info][gc,heap        ] GC(13) Archive regions: 2->2
[0.357s][info][gc,heap        ] GC(13) Humongous regions: 4->4
[0.357s][info][gc,metaspace   ] GC(13) Metaspace: 930K(1152K)->930K(1152K) NonClass: 843K(960K)->843K(960K) Class: 86K(192K)->86K(192K)
[0.357s][info][gc             ] GC(13) Pause Young (Mixed) (G1 Evacuation Pause) 109M->110M(236M) 10.178ms
[0.357s][info][gc,cpu         ] GC(13) User=0.02s Sys=0.00s Real=0.01s
[0.357s][info][gc             ] GC(10) Concurrent Mark Cycle 138.928ms
Operations: 100000
Live objects in old region: 81915
old regions with liveness less than 50%
Total Old Regions: 1, Total Memory of Old Regions: 1048576, Estimated Memory to Free: 734216
old regions with liveness less than 70%
Total Old Regions: 2, Total Memory of Old Regions: 2097152, Estimated Memory to Free: 1199192
old regions with liveness less than 90%
Total Old Regions: 8, Total Memory of Old Regions: 8388608, Estimated Memory to Free: 2266952
```
```log
[0.357s][info][gc             ] GC(10) Concurrent Mark Cycle 138.928ms
```
Concurrent Mark Cycle 表示这是一个并发标记周期。在G1垃圾回收器中，这个阶段用于标记堆中存活的对象，以便于后续的垃圾回收。<br>
耗时：138.928ms 表示此次并发标记周期的耗时为138.928毫秒。这是G1GC在标记存活对象过程中所花费的时间。<br>
在日志中可以看到，GC(13)是一次Pause Young (Mixed) (G1 Evacuation Pause)。这表明G1GC在执行年轻代垃圾回收的同时，也回收了部分老年代的对象。
Mixed GC的主要阶段包括：
- Pre Evacuate Collection Set：准备回收集的前期工作，耗时0.1ms。
- Merge Heap Roots：合并堆根对象，耗时0.3ms。
- Evacuate Collection Set：执行回收集的复制过程，耗时9.5ms。
- Post Evacuate Collection Set：回收集复制后的后续处理，耗时0.2ms。
- Other：其他杂项工作，耗时0.1ms。
整个Mixed GC过程总耗时10.178ms。

**内存使用情况**<br>
从GC日志中可以看到，在Mixed GC之前，Eden区域有5个区域在使用，Survivor区域有6个区域在使用，Old区域有95个区域在使用。
GC结束后，Eden区域减少到0个，Survivor区域减少到2个，Old区域增加到104个。这表明在Mixed GC过程中，有大量对象从Eden区域和Survivor区域晋升到Old区域。
整个堆的使用情况从109M变为110M，总堆大小为236M。<br>
**老年代存活对象分析**<br>
日志中还提供了一些关于老年代存活对象的统计信息：
Live objects in old region: 81915，表示老年代中存活对象的数量。
统计了不同存活率阈值下的老年代区域数量和内存占用情况：
- 存活率小于50%的区域有1个，占用内存1048576K，预计可以回收734216K。
- 存活率小于70%的区域有2个，占用内存2097152K，预计可以回收1199192K。
- 存活率小于90%的区域有8个，占用内存8388608K，预计可以回收2266952K。<br>
这些信息可以帮助G1GC选择合适的老年代区域进行回收，提高回收效率。

### 总结
通过分析G1GC的Mixed GC日志，可以了解其在执行年轻代和老年代垃圾回收时的具体过程。G1GC能够有效地识别存活对象，并根据对象的存活率选择合适的区域进行回收，减少内存碎片，提高内存利用率。
